Tools switch: /home/udesou/ocaml-bench-service (/home/udesou/ocaml-bench-service/_opam/bin)
olly not found at /home/udesou/.bench-agent/git/olly/_build/install/default/bin/olly — building from /home/udesou/.bench-agent/git/olly ...
Installing runtime_events_tools opam dependencies...
Nothing to do.
olly built successfully.
Running GC sweep with config: /home/udesou/.bench-agent/work/run-20260903-001-e1/run-20260903-001.yml
Benchmark directory: /home/udesou/.bench-agent/git/macro-benches
Logs root: /home/udesou/.bench-agent/logs
[INFO] 2026-09-03 09:42:18,140 runbms.py:618 Temporary directory: /tmp/runbms-k1eowym5
[INFO] 2026-09-03 09:42:18,142 config.py:420 Loading config /home/udesou/.bench-agent/work/run-20260903-001-e1/run-20260903-001.yml, expanding to /home/udesou/.bench-agent/work/run-20260903-001-e1/run-20260903-001.yml, relative to /home/udesou/ocaml-bench-service
[INFO] 2026-09-03 09:42:18,142 config.py:424     is absolute
[INFO] 2026-09-03 09:42:18,148 config.py:420 Loading config /home/udesou/.bench-agent/git/running-ng/src/running/config/base/ocaml/macro_base.yml, expanding to /home/udesou/.bench-agent/git/running-ng/src/running/config/base/ocaml/macro_base.yml, relative to /home/udesou/.bench-agent/work/run-20260903-001-e1
[INFO] 2026-09-03 09:42:18,148 config.py:424     is absolute
[INFO] 2026-09-03 09:42:18,285 runbms.py:415 cpufreq governor: performance on all 8 CPU(s)
[INFO] 2026-09-03 09:42:18,286 config.py:235 RUNNING_TAG=default_run,large_run applied: kept 42 program(s) across 21 suite(s)
[INFO] 2026-09-03 09:42:18,411 runtime.py:347 Using opam: /usr/local/bin/opam (version 2.3.0)
[WARNING] 2026-09-03 09:42:18,818 runtime.py:566 Reusing pre-existing opam switch 'running-ng-ocaml-5.5.0-f523850' because RUNNING_REUSE_SWITCHES is set; its compiler and dune version are whatever an earlier run happened to install.
[WARNING] 2026-09-03 09:42:18,865 runtime.py:566 Reusing pre-existing opam switch 'running-ng-ocaml-5.5.0-f523850-fp' because RUNNING_REUSE_SWITCHES is set; its compiler and dune version are whatever an earlier run happened to install.
[WARNING] 2026-09-03 09:42:18,913 runtime.py:566 Reusing pre-existing opam switch 'running-ng-ocaml-5.5.0-f523850-flambda' because RUNNING_REUSE_SWITCHES is set; its compiler and dune version are whatever an earlier run happened to install.
[WARNING] 2026-09-03 09:42:18,961 runtime.py:566 Reusing pre-existing opam switch 'running-ng-ocaml-5.5.0-f523850-fp-flambda' because RUNNING_REUSE_SWITCHES is set; its compiler and dune version are whatever an earlier run happened to install.
[INFO] 2026-09-03 09:42:18,989 runbms.py:710 native contract emission enabled (schema_version=1.0) -> /home/udesou/.bench-agent/logs/obelisk-2026-09-03-Thu-094218/contract
[WARNING] 2026-09-03 09:42:18,992 benchmark.py:771 OCaml binary /home/udesou/.bench-agent/git/macro-benches/benchmarks/menhir/menhir_ocamly-ocaml-5.5.0-f523850 already exists; skipping build. Set `always_build: true` to rebuild.
[WARNING] 2026-09-03 09:42:18,992 benchmark.py:771 OCaml binary /home/udesou/.bench-agent/git/macro-benches/benchmarks/menhir/menhir_ocamly-ocaml-5.5.0-f523850-fp already exists; skipping build. Set `always_build: true` to rebuild.
[WARNING] 2026-09-03 09:42:18,992 benchmark.py:771 OCaml binary /home/udesou/.bench-agent/git/macro-benches/benchmarks/menhir/menhir_ocamly-ocaml-5.5.0-f523850-flambda already exists; skipping build. Set `always_build: true` to rebuild.
[WARNING] 2026-09-03 09:42:18,992 benchmark.py:771 OCaml binary /home/udesou/.bench-agent/git/macro-benches/benchmarks/menhir/menhir_ocamly-ocaml-5.5.0-f523850-fp-flambda already exists; skipping build. Set `always_build: true` to rebuild.
[WARNING] 2026-09-03 09:42:18,993 benchmark.py:771 OCaml binary /home/udesou/.bench-agent/git/macro-benches/benchmarks/menhir/menhir_sysver_canonical-ocaml-5.5.0-f523850 already exists; skipping build. Set `always_build: true` to rebuild.
[WARNING] 2026-09-03 09:42:18,993 benchmark.py:771 OCaml binary /home/udesou/.bench-agent/git/macro-benches/benchmarks/menhir/menhir_sysver_canonical-ocaml-5.5.0-f523850-fp already exists; skipping build. Set `always_build: true` to rebuild.
[WARNING] 2026-09-03 09:42:18,993 benchmark.py:771 OCaml binary /home/udesou/.bench-agent/git/macro-benches/benchmarks/menhir/menhir_sysver_canonical-ocaml-5.5.0-f523850-flambda already exists; skipping build. Set `always_build: true` to rebuild.
[WARNING] 2026-09-03 09:42:18,993 benchmark.py:771 OCaml binary /home/udesou/.bench-agent/git/macro-benches/benchmarks/menhir/menhir_sysver_canonical-ocaml-5.5.0-f523850-fp-flambda already exists; skipping build. Set `always_build: true` to rebuild.
[WARNING] 2026-09-03 09:42:18,993 benchmark.py:771 OCaml binary /home/udesou/.bench-agent/git/macro-benches/benchmarks/cpdf/cpdf_squeeze_default-ocaml-5.5.0-f523850 already exists; skipping build. Set `always_build: true` to rebuild.
[WARNING] 2026-09-03 09:42:18,994 benchmark.py:771 OCaml binary /home/udesou/.bench-agent/git/macro-benches/benchmarks/cpdf/cpdf_squeeze_default-ocaml-5.5.0-f523850-fp already exists; skipping build. Set `always_build: true` to rebuild.
[WARNING] 2026-09-03 09:42:18,994 benchmark.py:771 OCaml binary /home/udesou/.bench-agent/git/macro-benches/benchmarks/cpdf/cpdf_squeeze_default-ocaml-5.5.0-f523850-flambda already exists; skipping build. Set `always_build: true` to rebuild.
[WARNING] 2026-09-03 09:42:18,994 benchmark.py:771 OCaml binary /home/udesou/.bench-agent/git/macro-benches/benchmarks/cpdf/cpdf_squeeze_default-ocaml-5.5.0-f523850-fp-flambda already exists; skipping build. Set `always_build: true` to rebuild.
[WARNING] 2026-09-03 09:42:18,994 benchmark.py:771 OCaml binary /home/udesou/.bench-agent/git/macro-benches/benchmarks/cpdf/cpdf_squeeze_large-ocaml-5.5.0-f523850 already exists; skipping build. Set `always_build: true` to rebuild.
[WARNING] 2026-09-03 09:42:18,994 benchmark.py:771 OCaml binary /home/udesou/.bench-agent/git/macro-benches/benchmarks/cpdf/cpdf_squeeze_large-ocaml-5.5.0-f523850-fp already exists; skipping build. Set `always_build: true` to rebuild.
[WARNING] 2026-09-03 09:42:18,995 benchmark.py:771 OCaml binary /home/udesou/.bench-agent/git/macro-benches/benchmarks/cpdf/cpdf_squeeze_large-ocaml-5.5.0-f523850-flambda already exists; skipping build. Set `always_build: true` to rebuild.
[WARNING] 2026-09-03 09:42:18,995 benchmark.py:771 OCaml binary /home/udesou/.bench-agent/git/macro-benches/benchmarks/cpdf/cpdf_squeeze_large-ocaml-5.5.0-f523850-fp-flambda already exists; skipping build. Set `always_build: true` to rebuild.
[WARNING] 2026-09-03 09:42:18,995 benchmark.py:771 OCaml binary /home/udesou/.bench-agent/git/macro-benches/benchmarks/alt-ergo/alt_ergo_chain_default-ocaml-5.5.0-f523850 already exists; skipping build. Set `always_build: true` to rebuild.
[WARNING] 2026-09-03 09:42:18,995 benchmark.py:771 OCaml binary /home/udesou/.bench-agent/git/macro-benches/benchmarks/alt-ergo/alt_ergo_chain_default-ocaml-5.5.0-f523850-fp already exists; skipping build. Set `always_build: true` to rebuild.
[WARNING] 2026-09-03 09:42:18,995 benchmark.py:771 OCaml binary /home/udesou/.bench-agent/git/macro-benches/benchmarks/alt-ergo/alt_ergo_chain_default-ocaml-5.5.0-f523850-flambda already exists; skipping build. Set `always_build: true` to rebuild.
[WARNING] 2026-09-03 09:42:18,995 benchmark.py:771 OCaml binary /home/udesou/.bench-agent/git/macro-benches/benchmarks/alt-ergo/alt_ergo_chain_default-ocaml-5.5.0-f523850-fp-flambda already exists; skipping build. Set `always_build: true` to rebuild.
[WARNING] 2026-09-03 09:42:18,996 benchmark.py:771 OCaml binary /home/udesou/.bench-agent/git/macro-benches/benchmarks/alt-ergo/alt_ergo_chain_large-ocaml-5.5.0-f523850 already exists; skipping build. Set `always_build: true` to rebuild.
[WARNING] 2026-09-03 09:42:18,996 benchmark.py:771 OCaml binary /home/udesou/.bench-agent/git/macro-benches/benchmarks/alt-ergo/alt_ergo_chain_large-ocaml-5.5.0-f523850-fp already exists; skipping build. Set `always_build: true` to rebuild.
[WARNING] 2026-09-03 09:42:18,996 benchmark.py:771 OCaml binary /home/udesou/.bench-agent/git/macro-benches/benchmarks/alt-ergo/alt_ergo_chain_large-ocaml-5.5.0-f523850-flambda already exists; skipping build. Set `always_build: true` to rebuild.
[WARNING] 2026-09-03 09:42:18,996 benchmark.py:771 OCaml binary /home/udesou/.bench-agent/git/macro-benches/benchmarks/alt-ergo/alt_ergo_chain_large-ocaml-5.5.0-f523850-fp-flambda already exists; skipping build. Set `always_build: true` to rebuild.
[WARNING] 2026-09-03 09:42:18,996 benchmark.py:771 OCaml binary /home/udesou/.bench-agent/git/macro-benches/benchmarks/frama-c/frama_c_eva_sqlite_default-ocaml-5.5.0-f523850 already exists; skipping build. Set `always_build: true` to rebuild.
[WARNING] 2026-09-03 09:42:18,997 benchmark.py:771 OCaml binary /home/udesou/.bench-agent/git/macro-benches/benchmarks/frama-c/frama_c_eva_sqlite_default-ocaml-5.5.0-f523850-fp already exists; skipping build. Set `always_build: true` to rebuild.
[WARNING] 2026-09-03 09:42:18,997 benchmark.py:771 OCaml binary /home/udesou/.bench-agent/git/macro-benches/benchmarks/frama-c/frama_c_eva_sqlite_default-ocaml-5.5.0-f523850-flambda already exists; skipping build. Set `always_build: true` to rebuild.
[WARNING] 2026-09-03 09:42:18,997 benchmark.py:771 OCaml binary /home/udesou/.bench-agent/git/macro-benches/benchmarks/frama-c/frama_c_eva_sqlite_default-ocaml-5.5.0-f523850-fp-flambda already exists; skipping build. Set `always_build: true` to rebuild.
[WARNING] 2026-09-03 09:42:18,997 benchmark.py:771 OCaml binary /home/udesou/.bench-agent/git/macro-benches/benchmarks/frama-c/frama_c_eva_sqlite_large-ocaml-5.5.0-f523850 already exists; skipping build. Set `always_build: true` to rebuild.
[WARNING] 2026-09-03 09:42:18,997 benchmark.py:771 OCaml binary /home/udesou/.bench-agent/git/macro-benches/benchmarks/frama-c/frama_c_eva_sqlite_large-ocaml-5.5.0-f523850-fp already exists; skipping build. Set `always_build: true` to rebuild.
[WARNING] 2026-09-03 09:42:18,997 benchmark.py:771 OCaml binary /home/udesou/.bench-agent/git/macro-benches/benchmarks/frama-c/frama_c_eva_sqlite_large-ocaml-5.5.0-f523850-flambda already exists; skipping build. Set `always_build: true` to rebuild.
[WARNING] 2026-09-03 09:42:18,998 benchmark.py:771 OCaml binary /home/udesou/.bench-agent/git/macro-benches/benchmarks/frama-c/frama_c_eva_sqlite_large-ocaml-5.5.0-f523850-fp-flambda already exists; skipping build. Set `always_build: true` to rebuild.
[WARNING] 2026-09-03 09:42:18,998 benchmark.py:771 OCaml binary /home/udesou/.bench-agent/git/macro-benches/benchmarks/goblint/goblint_gen_default-ocaml-5.5.0-f523850 already exists; skipping build. Set `always_build: true` to rebuild.
[WARNING] 2026-09-03 09:42:18,998 benchmark.py:771 OCaml binary /home/udesou/.bench-agent/git/macro-benches/benchmarks/goblint/goblint_gen_default-ocaml-5.5.0-f523850-fp already exists; skipping build. Set `always_build: true` to rebuild.
[WARNING] 2026-09-03 09:42:18,998 benchmark.py:771 OCaml binary /home/udesou/.bench-agent/git/macro-benches/benchmarks/goblint/goblint_gen_default-ocaml-5.5.0-f523850-flambda already exists; skipping build. Set `always_build: true` to rebuild.
[WARNING] 2026-09-03 09:42:18,998 benchmark.py:771 OCaml binary /home/udesou/.bench-agent/git/macro-benches/benchmarks/goblint/goblint_gen_default-ocaml-5.5.0-f523850-fp-flambda already exists; skipping build. Set `always_build: true` to rebuild.
[WARNING] 2026-09-03 09:42:18,999 benchmark.py:771 OCaml binary /home/udesou/.bench-agent/git/macro-benches/benchmarks/goblint/goblint_gen_large-ocaml-5.5.0-f523850 already exists; skipping build. Set `always_build: true` to rebuild.
[WARNING] 2026-09-03 09:42:18,999 benchmark.py:771 OCaml binary /home/udesou/.bench-agent/git/macro-benches/benchmarks/goblint/goblint_gen_large-ocaml-5.5.0-f523850-fp already exists; skipping build. Set `always_build: true` to rebuild.
[WARNING] 2026-09-03 09:42:18,999 benchmark.py:771 OCaml binary /home/udesou/.bench-agent/git/macro-benches/benchmarks/goblint/goblint_gen_large-ocaml-5.5.0-f523850-flambda already exists; skipping build. Set `always_build: true` to rebuild.
[WARNING] 2026-09-03 09:42:18,999 benchmark.py:771 OCaml binary /home/udesou/.bench-agent/git/macro-benches/benchmarks/goblint/goblint_gen_large-ocaml-5.5.0-f523850-fp-flambda already exists; skipping build. Set `always_build: true` to rebuild.
[WARNING] 2026-09-03 09:42:18,999 benchmark.py:771 OCaml binary /home/udesou/.bench-agent/git/macro-benches/benchmarks/infer/infer_default-ocaml-5.5.0-f523850 already exists; skipping build. Set `always_build: true` to rebuild.
[WARNING] 2026-09-03 09:42:19,000 benchmark.py:771 OCaml binary /home/udesou/.bench-agent/git/macro-benches/benchmarks/infer/infer_default-ocaml-5.5.0-f523850-fp already exists; skipping build. Set `always_build: true` to rebuild.
[WARNING] 2026-09-03 09:42:19,000 benchmark.py:771 OCaml binary /home/udesou/.bench-agent/git/macro-benches/benchmarks/infer/infer_default-ocaml-5.5.0-f523850-flambda already exists; skipping build. Set `always_build: true` to rebuild.
[WARNING] 2026-09-03 09:42:19,000 benchmark.py:771 OCaml binary /home/udesou/.bench-agent/git/macro-benches/benchmarks/infer/infer_default-ocaml-5.5.0-f523850-fp-flambda already exists; skipping build. Set `always_build: true` to rebuild.
[WARNING] 2026-09-03 09:42:19,000 benchmark.py:771 OCaml binary /home/udesou/.bench-agent/git/macro-benches/benchmarks/infer/infer_large-ocaml-5.5.0-f523850 already exists; skipping build. Set `always_build: true` to rebuild.
[WARNING] 2026-09-03 09:42:19,000 benchmark.py:771 OCaml binary /home/udesou/.bench-agent/git/macro-benches/benchmarks/infer/infer_large-ocaml-5.5.0-f523850-fp already exists; skipping build. Set `always_build: true` to rebuild.
[WARNING] 2026-09-03 09:42:19,000 benchmark.py:771 OCaml binary /home/udesou/.bench-agent/git/macro-benches/benchmarks/infer/infer_large-ocaml-5.5.0-f523850-flambda already exists; skipping build. Set `always_build: true` to rebuild.
[WARNING] 2026-09-03 09:42:19,001 benchmark.py:771 OCaml binary /home/udesou/.bench-agent/git/macro-benches/benchmarks/infer/infer_large-ocaml-5.5.0-f523850-fp-flambda already exists; skipping build. Set `always_build: true` to rebuild.
[WARNING] 2026-09-03 09:42:19,001 benchmark.py:771 OCaml binary /home/udesou/.bench-agent/git/macro-benches/benchmarks/coq/coqc_tree_default-ocaml-5.5.0-f523850 already exists; skipping build. Set `always_build: true` to rebuild.
[WARNING] 2026-09-03 09:42:19,001 benchmark.py:771 OCaml binary /home/udesou/.bench-agent/git/macro-benches/benchmarks/coq/coqc_tree_default-ocaml-5.5.0-f523850-fp already exists; skipping build. Set `always_build: true` to rebuild.
[WARNING] 2026-09-03 09:42:19,001 benchmark.py:771 OCaml binary /home/udesou/.bench-agent/git/macro-benches/benchmarks/coq/coqc_tree_default-ocaml-5.5.0-f523850-flambda already exists; skipping build. Set `always_build: true` to rebuild.
[WARNING] 2026-09-03 09:42:19,001 benchmark.py:771 OCaml binary /home/udesou/.bench-agent/git/macro-benches/benchmarks/coq/coqc_tree_default-ocaml-5.5.0-f523850-fp-flambda already exists; skipping build. Set `always_build: true` to rebuild.
[WARNING] 2026-09-03 09:42:19,002 benchmark.py:771 OCaml binary /home/udesou/.bench-agent/git/macro-benches/benchmarks/coq/coqc_tree_large-ocaml-5.5.0-f523850 already exists; skipping build. Set `always_build: true` to rebuild.
[WARNING] 2026-09-03 09:42:19,002 benchmark.py:771 OCaml binary /home/udesou/.bench-agent/git/macro-benches/benchmarks/coq/coqc_tree_large-ocaml-5.5.0-f523850-fp already exists; skipping build. Set `always_build: true` to rebuild.
[WARNING] 2026-09-03 09:42:19,002 benchmark.py:771 OCaml binary /home/udesou/.bench-agent/git/macro-benches/benchmarks/coq/coqc_tree_large-ocaml-5.5.0-f523850-flambda already exists; skipping build. Set `always_build: true` to rebuild.
[WARNING] 2026-09-03 09:42:19,002 benchmark.py:771 OCaml binary /home/udesou/.bench-agent/git/macro-benches/benchmarks/coq/coqc_tree_large-ocaml-5.5.0-f523850-fp-flambda already exists; skipping build. Set `always_build: true` to rebuild.
[WARNING] 2026-09-03 09:42:19,002 benchmark.py:771 OCaml binary /home/udesou/.bench-agent/git/macro-benches/benchmarks/ahrefs-devkit/devkit_htmlstream_default-ocaml-5.5.0-f523850 already exists; skipping build. Set `always_build: true` to rebuild.
[WARNING] 2026-09-03 09:42:19,003 benchmark.py:771 OCaml binary /home/udesou/.bench-agent/git/macro-benches/benchmarks/ahrefs-devkit/devkit_htmlstream_default-ocaml-5.5.0-f523850-fp already exists; skipping build. Set `always_build: true` to rebuild.
[WARNING] 2026-09-03 09:42:19,003 benchmark.py:771 OCaml binary /home/udesou/.bench-agent/git/macro-benches/benchmarks/ahrefs-devkit/devkit_htmlstream_default-ocaml-5.5.0-f523850-flambda already exists; skipping build. Set `always_build: true` to rebuild.
[WARNING] 2026-09-03 09:42:19,003 benchmark.py:771 OCaml binary /home/udesou/.bench-agent/git/macro-benches/benchmarks/ahrefs-devkit/devkit_htmlstream_default-ocaml-5.5.0-f523850-fp-flambda already exists; skipping build. Set `always_build: true` to rebuild.
[WARNING] 2026-09-03 09:42:19,003 benchmark.py:771 OCaml binary /home/udesou/.bench-agent/git/macro-benches/benchmarks/ahrefs-devkit/devkit_htmlstream_large-ocaml-5.5.0-f523850 already exists; skipping build. Set `always_build: true` to rebuild.
[WARNING] 2026-09-03 09:42:19,003 benchmark.py:771 OCaml binary /home/udesou/.bench-agent/git/macro-benches/benchmarks/ahrefs-devkit/devkit_htmlstream_large-ocaml-5.5.0-f523850-fp already exists; skipping build. Set `always_build: true` to rebuild.
[WARNING] 2026-09-03 09:42:19,003 benchmark.py:771 OCaml binary /home/udesou/.bench-agent/git/macro-benches/benchmarks/ahrefs-devkit/devkit_htmlstream_large-ocaml-5.5.0-f523850-flambda already exists; skipping build. Set `always_build: true` to rebuild.
[WARNING] 2026-09-03 09:42:19,004 benchmark.py:771 OCaml binary /home/udesou/.bench-agent/git/macro-benches/benchmarks/ahrefs-devkit/devkit_htmlstream_large-ocaml-5.5.0-f523850-fp-flambda already exists; skipping build. Set `always_build: true` to rebuild.
[WARNING] 2026-09-03 09:42:19,004 benchmark.py:771 OCaml binary /home/udesou/.bench-agent/git/macro-benches/benchmarks/irmin/irmin_mem_rw_default-ocaml-5.5.0-f523850 already exists; skipping build. Set `always_build: true` to rebuild.
[WARNING] 2026-09-03 09:42:19,004 benchmark.py:771 OCaml binary /home/udesou/.bench-agent/git/macro-benches/benchmarks/irmin/irmin_mem_rw_default-ocaml-5.5.0-f523850-fp already exists; skipping build. Set `always_build: true` to rebuild.
[WARNING] 2026-09-03 09:42:19,004 benchmark.py:771 OCaml binary /home/udesou/.bench-agent/git/macro-benches/benchmarks/irmin/irmin_mem_rw_default-ocaml-5.5.0-f523850-flambda already exists; skipping build. Set `always_build: true` to rebuild.
[WARNING] 2026-09-03 09:42:19,004 benchmark.py:771 OCaml binary /home/udesou/.bench-agent/git/macro-benches/benchmarks/irmin/irmin_mem_rw_default-ocaml-5.5.0-f523850-fp-flambda already exists; skipping build. Set `always_build: true` to rebuild.
[WARNING] 2026-09-03 09:42:19,005 benchmark.py:771 OCaml binary /home/udesou/.bench-agent/git/macro-benches/benchmarks/irmin/irmin_mem_rw_large-ocaml-5.5.0-f523850 already exists; skipping build. Set `always_build: true` to rebuild.
[WARNING] 2026-09-03 09:42:19,005 benchmark.py:771 OCaml binary /home/udesou/.bench-agent/git/macro-benches/benchmarks/irmin/irmin_mem_rw_large-ocaml-5.5.0-f523850-fp already exists; skipping build. Set `always_build: true` to rebuild.
[WARNING] 2026-09-03 09:42:19,005 benchmark.py:771 OCaml binary /home/udesou/.bench-agent/git/macro-benches/benchmarks/irmin/irmin_mem_rw_large-ocaml-5.5.0-f523850-flambda already exists; skipping build. Set `always_build: true` to rebuild.
[WARNING] 2026-09-03 09:42:19,005 benchmark.py:771 OCaml binary /home/udesou/.bench-agent/git/macro-benches/benchmarks/irmin/irmin_mem_rw_large-ocaml-5.5.0-f523850-fp-flambda already exists; skipping build. Set `always_build: true` to rebuild.
[WARNING] 2026-09-03 09:42:19,005 benchmark.py:771 OCaml binary /home/udesou/.bench-agent/git/macro-benches/benchmarks/ocamlformat/ocamlformat_rocq_default-ocaml-5.5.0-f523850 already exists; skipping build. Set `always_build: true` to rebuild.
[WARNING] 2026-09-03 09:42:19,006 benchmark.py:771 OCaml binary /home/udesou/.bench-agent/git/macro-benches/benchmarks/ocamlformat/ocamlformat_rocq_default-ocaml-5.5.0-f523850-fp already exists; skipping build. Set `always_build: true` to rebuild.
[WARNING] 2026-09-03 09:42:19,006 benchmark.py:771 OCaml binary /home/udesou/.bench-agent/git/macro-benches/benchmarks/ocamlformat/ocamlformat_rocq_default-ocaml-5.5.0-f523850-flambda already exists; skipping build. Set `always_build: true` to rebuild.
[WARNING] 2026-09-03 09:42:19,006 benchmark.py:771 OCaml binary /home/udesou/.bench-agent/git/macro-benches/benchmarks/ocamlformat/ocamlformat_rocq_default-ocaml-5.5.0-f523850-fp-flambda already exists; skipping build. Set `always_build: true` to rebuild.
[WARNING] 2026-09-03 09:42:19,006 benchmark.py:771 OCaml binary /home/udesou/.bench-agent/git/macro-benches/benchmarks/ocamlformat/ocamlformat_rocq_large-ocaml-5.5.0-f523850 already exists; skipping build. Set `always_build: true` to rebuild.
[WARNING] 2026-09-03 09:42:19,007 benchmark.py:771 OCaml binary /home/udesou/.bench-agent/git/macro-benches/benchmarks/ocamlformat/ocamlformat_rocq_large-ocaml-5.5.0-f523850-fp already exists; skipping build. Set `always_build: true` to rebuild.
[WARNING] 2026-09-03 09:42:19,007 benchmark.py:771 OCaml binary /home/udesou/.bench-agent/git/macro-benches/benchmarks/ocamlformat/ocamlformat_rocq_large-ocaml-5.5.0-f523850-flambda already exists; skipping build. Set `always_build: true` to rebuild.
[WARNING] 2026-09-03 09:42:19,007 benchmark.py:771 OCaml binary /home/udesou/.bench-agent/git/macro-benches/benchmarks/ocamlformat/ocamlformat_rocq_large-ocaml-5.5.0-f523850-fp-flambda already exists; skipping build. Set `always_build: true` to rebuild.
[WARNING] 2026-09-03 09:42:19,007 benchmark.py:771 OCaml binary /home/udesou/.bench-agent/git/macro-benches/benchmarks/decompress/test_decompress_default-ocaml-5.5.0-f523850 already exists; skipping build. Set `always_build: true` to rebuild.
[WARNING] 2026-09-03 09:42:19,007 benchmark.py:771 OCaml binary /home/udesou/.bench-agent/git/macro-benches/benchmarks/decompress/test_decompress_default-ocaml-5.5.0-f523850-fp already exists; skipping build. Set `always_build: true` to rebuild.
[WARNING] 2026-09-03 09:42:19,007 benchmark.py:771 OCaml binary /home/udesou/.bench-agent/git/macro-benches/benchmarks/decompress/test_decompress_default-ocaml-5.5.0-f523850-flambda already exists; skipping build. Set `always_build: true` to rebuild.
[WARNING] 2026-09-03 09:42:19,008 benchmark.py:771 OCaml binary /home/udesou/.bench-agent/git/macro-benches/benchmarks/decompress/test_decompress_default-ocaml-5.5.0-f523850-fp-flambda already exists; skipping build. Set `always_build: true` to rebuild.
[WARNING] 2026-09-03 09:42:19,008 benchmark.py:771 OCaml binary /home/udesou/.bench-agent/git/macro-benches/benchmarks/decompress/test_decompress_large-ocaml-5.5.0-f523850 already exists; skipping build. Set `always_build: true` to rebuild.
[WARNING] 2026-09-03 09:42:19,008 benchmark.py:771 OCaml binary /home/udesou/.bench-agent/git/macro-benches/benchmarks/decompress/test_decompress_large-ocaml-5.5.0-f523850-fp already exists; skipping build. Set `always_build: true` to rebuild.
[WARNING] 2026-09-03 09:42:19,008 benchmark.py:771 OCaml binary /home/udesou/.bench-agent/git/macro-benches/benchmarks/decompress/test_decompress_large-ocaml-5.5.0-f523850-flambda already exists; skipping build. Set `always_build: true` to rebuild.
[WARNING] 2026-09-03 09:42:19,008 benchmark.py:771 OCaml binary /home/udesou/.bench-agent/git/macro-benches/benchmarks/decompress/test_decompress_large-ocaml-5.5.0-f523850-fp-flambda already exists; skipping build. Set `always_build: true` to rebuild.
[WARNING] 2026-09-03 09:42:19,009 benchmark.py:771 OCaml binary /home/udesou/.bench-agent/git/macro-benches/benchmarks/eio/eio_conc_default-ocaml-5.5.0-f523850 already exists; skipping build. Set `always_build: true` to rebuild.
[WARNING] 2026-09-03 09:42:19,009 benchmark.py:771 OCaml binary /home/udesou/.bench-agent/git/macro-benches/benchmarks/eio/eio_conc_default-ocaml-5.5.0-f523850-fp already exists; skipping build. Set `always_build: true` to rebuild.
[WARNING] 2026-09-03 09:42:19,009 benchmark.py:771 OCaml binary /home/udesou/.bench-agent/git/macro-benches/benchmarks/eio/eio_conc_default-ocaml-5.5.0-f523850-flambda already exists; skipping build. Set `always_build: true` to rebuild.
[WARNING] 2026-09-03 09:42:19,009 benchmark.py:771 OCaml binary /home/udesou/.bench-agent/git/macro-benches/benchmarks/eio/eio_conc_default-ocaml-5.5.0-f523850-fp-flambda already exists; skipping build. Set `always_build: true` to rebuild.
[WARNING] 2026-09-03 09:42:19,009 benchmark.py:771 OCaml binary /home/udesou/.bench-agent/git/macro-benches/benchmarks/eio/eio_conc_large-ocaml-5.5.0-f523850 already exists; skipping build. Set `always_build: true` to rebuild.
[WARNING] 2026-09-03 09:42:19,010 benchmark.py:771 OCaml binary /home/udesou/.bench-agent/git/macro-benches/benchmarks/eio/eio_conc_large-ocaml-5.5.0-f523850-fp already exists; skipping build. Set `always_build: true` to rebuild.
[WARNING] 2026-09-03 09:42:19,010 benchmark.py:771 OCaml binary /home/udesou/.bench-agent/git/macro-benches/benchmarks/eio/eio_conc_large-ocaml-5.5.0-f523850-flambda already exists; skipping build. Set `always_build: true` to rebuild.
[WARNING] 2026-09-03 09:42:19,010 benchmark.py:771 OCaml binary /home/udesou/.bench-agent/git/macro-benches/benchmarks/eio/eio_conc_large-ocaml-5.5.0-f523850-fp-flambda already exists; skipping build. Set `always_build: true` to rebuild.
[WARNING] 2026-09-03 09:42:19,010 benchmark.py:771 OCaml binary /home/udesou/.bench-agent/git/macro-benches/benchmarks/sedlex/sedlex_tokenize_default-ocaml-5.5.0-f523850 already exists; skipping build. Set `always_build: true` to rebuild.
[WARNING] 2026-09-03 09:42:19,010 benchmark.py:771 OCaml binary /home/udesou/.bench-agent/git/macro-benches/benchmarks/sedlex/sedlex_tokenize_default-ocaml-5.5.0-f523850-fp already exists; skipping build. Set `always_build: true` to rebuild.
[WARNING] 2026-09-03 09:42:19,010 benchmark.py:771 OCaml binary /home/udesou/.bench-agent/git/macro-benches/benchmarks/sedlex/sedlex_tokenize_default-ocaml-5.5.0-f523850-flambda already exists; skipping build. Set `always_build: true` to rebuild.
[WARNING] 2026-09-03 09:42:19,011 benchmark.py:771 OCaml binary /home/udesou/.bench-agent/git/macro-benches/benchmarks/sedlex/sedlex_tokenize_default-ocaml-5.5.0-f523850-fp-flambda already exists; skipping build. Set `always_build: true` to rebuild.
[WARNING] 2026-09-03 09:42:19,011 benchmark.py:771 OCaml binary /home/udesou/.bench-agent/git/macro-benches/benchmarks/sedlex/sedlex_tokenize_large-ocaml-5.5.0-f523850 already exists; skipping build. Set `always_build: true` to rebuild.
[WARNING] 2026-09-03 09:42:19,011 benchmark.py:771 OCaml binary /home/udesou/.bench-agent/git/macro-benches/benchmarks/sedlex/sedlex_tokenize_large-ocaml-5.5.0-f523850-fp already exists; skipping build. Set `always_build: true` to rebuild.
[WARNING] 2026-09-03 09:42:19,011 benchmark.py:771 OCaml binary /home/udesou/.bench-agent/git/macro-benches/benchmarks/sedlex/sedlex_tokenize_large-ocaml-5.5.0-f523850-flambda already exists; skipping build. Set `always_build: true` to rebuild.
[WARNING] 2026-09-03 09:42:19,011 benchmark.py:771 OCaml binary /home/udesou/.bench-agent/git/macro-benches/benchmarks/sedlex/sedlex_tokenize_large-ocaml-5.5.0-f523850-fp-flambda already exists; skipping build. Set `always_build: true` to rebuild.
[WARNING] 2026-09-03 09:42:19,012 benchmark.py:771 OCaml binary /home/udesou/.bench-agent/git/macro-benches/benchmarks/yojson/ydump_repeat_default-ocaml-5.5.0-f523850 already exists; skipping build. Set `always_build: true` to rebuild.
[WARNING] 2026-09-03 09:42:19,012 benchmark.py:771 OCaml binary /home/udesou/.bench-agent/git/macro-benches/benchmarks/yojson/ydump_repeat_default-ocaml-5.5.0-f523850-fp already exists; skipping build. Set `always_build: true` to rebuild.
[WARNING] 2026-09-03 09:42:19,012 benchmark.py:771 OCaml binary /home/udesou/.bench-agent/git/macro-benches/benchmarks/yojson/ydump_repeat_default-ocaml-5.5.0-f523850-flambda already exists; skipping build. Set `always_build: true` to rebuild.
[WARNING] 2026-09-03 09:42:19,012 benchmark.py:771 OCaml binary /home/udesou/.bench-agent/git/macro-benches/benchmarks/yojson/ydump_repeat_default-ocaml-5.5.0-f523850-fp-flambda already exists; skipping build. Set `always_build: true` to rebuild.
[WARNING] 2026-09-03 09:42:19,012 benchmark.py:771 OCaml binary /home/udesou/.bench-agent/git/macro-benches/benchmarks/yojson/ydump_repeat_large-ocaml-5.5.0-f523850 already exists; skipping build. Set `always_build: true` to rebuild.
[WARNING] 2026-09-03 09:42:19,012 benchmark.py:771 OCaml binary /home/udesou/.bench-agent/git/macro-benches/benchmarks/yojson/ydump_repeat_large-ocaml-5.5.0-f523850-fp already exists; skipping build. Set `always_build: true` to rebuild.
[WARNING] 2026-09-03 09:42:19,013 benchmark.py:771 OCaml binary /home/udesou/.bench-agent/git/macro-benches/benchmarks/yojson/ydump_repeat_large-ocaml-5.5.0-f523850-flambda already exists; skipping build. Set `always_build: true` to rebuild.
[WARNING] 2026-09-03 09:42:19,013 benchmark.py:771 OCaml binary /home/udesou/.bench-agent/git/macro-benches/benchmarks/yojson/ydump_repeat_large-ocaml-5.5.0-f523850-fp-flambda already exists; skipping build. Set `always_build: true` to rebuild.
[WARNING] 2026-09-03 09:42:19,013 benchmark.py:771 OCaml binary /home/udesou/.bench-agent/git/macro-benches/benchmarks/zarith/zarith_pi_default-ocaml-5.5.0-f523850 already exists; skipping build. Set `always_build: true` to rebuild.
[WARNING] 2026-09-03 09:42:19,013 benchmark.py:771 OCaml binary /home/udesou/.bench-agent/git/macro-benches/benchmarks/zarith/zarith_pi_default-ocaml-5.5.0-f523850-fp already exists; skipping build. Set `always_build: true` to rebuild.
[WARNING] 2026-09-03 09:42:19,013 benchmark.py:771 OCaml binary /home/udesou/.bench-agent/git/macro-benches/benchmarks/zarith/zarith_pi_default-ocaml-5.5.0-f523850-flambda already exists; skipping build. Set `always_build: true` to rebuild.
[WARNING] 2026-09-03 09:42:19,014 benchmark.py:771 OCaml binary /home/udesou/.bench-agent/git/macro-benches/benchmarks/zarith/zarith_pi_default-ocaml-5.5.0-f523850-fp-flambda already exists; skipping build. Set `always_build: true` to rebuild.
[WARNING] 2026-09-03 09:42:19,014 benchmark.py:771 OCaml binary /home/udesou/.bench-agent/git/macro-benches/benchmarks/zarith/zarith_pi_large-ocaml-5.5.0-f523850 already exists; skipping build. Set `always_build: true` to rebuild.
[WARNING] 2026-09-03 09:42:19,014 benchmark.py:771 OCaml binary /home/udesou/.bench-agent/git/macro-benches/benchmarks/zarith/zarith_pi_large-ocaml-5.5.0-f523850-fp already exists; skipping build. Set `always_build: true` to rebuild.
[WARNING] 2026-09-03 09:42:19,014 benchmark.py:771 OCaml binary /home/udesou/.bench-agent/git/macro-benches/benchmarks/zarith/zarith_pi_large-ocaml-5.5.0-f523850-flambda already exists; skipping build. Set `always_build: true` to rebuild.
[WARNING] 2026-09-03 09:42:19,014 benchmark.py:771 OCaml binary /home/udesou/.bench-agent/git/macro-benches/benchmarks/zarith/zarith_pi_large-ocaml-5.5.0-f523850-fp-flambda already exists; skipping build. Set `always_build: true` to rebuild.
[WARNING] 2026-09-03 09:42:19,015 benchmark.py:771 OCaml binary /home/udesou/.bench-agent/git/macro-benches/benchmarks/owl/owl_gc_default-ocaml-5.5.0-f523850 already exists; skipping build. Set `always_build: true` to rebuild.
[WARNING] 2026-09-03 09:42:19,015 benchmark.py:771 OCaml binary /home/udesou/.bench-agent/git/macro-benches/benchmarks/owl/owl_gc_default-ocaml-5.5.0-f523850-fp already exists; skipping build. Set `always_build: true` to rebuild.
[WARNING] 2026-09-03 09:42:19,015 benchmark.py:771 OCaml binary /home/udesou/.bench-agent/git/macro-benches/benchmarks/owl/owl_gc_default-ocaml-5.5.0-f523850-flambda already exists; skipping build. Set `always_build: true` to rebuild.
[WARNING] 2026-09-03 09:42:19,015 benchmark.py:771 OCaml binary /home/udesou/.bench-agent/git/macro-benches/benchmarks/owl/owl_gc_default-ocaml-5.5.0-f523850-fp-flambda already exists; skipping build. Set `always_build: true` to rebuild.
[WARNING] 2026-09-03 09:42:19,015 benchmark.py:771 OCaml binary /home/udesou/.bench-agent/git/macro-benches/benchmarks/owl/owl_gc_large-ocaml-5.5.0-f523850 already exists; skipping build. Set `always_build: true` to rebuild.
[WARNING] 2026-09-03 09:42:19,015 benchmark.py:771 OCaml binary /home/udesou/.bench-agent/git/macro-benches/benchmarks/owl/owl_gc_large-ocaml-5.5.0-f523850-fp already exists; skipping build. Set `always_build: true` to rebuild.
[WARNING] 2026-09-03 09:42:19,016 benchmark.py:771 OCaml binary /home/udesou/.bench-agent/git/macro-benches/benchmarks/owl/owl_gc_large-ocaml-5.5.0-f523850-flambda already exists; skipping build. Set `always_build: true` to rebuild.
[WARNING] 2026-09-03 09:42:19,016 benchmark.py:771 OCaml binary /home/udesou/.bench-agent/git/macro-benches/benchmarks/owl/owl_gc_large-ocaml-5.5.0-f523850-fp-flambda already exists; skipping build. Set `always_build: true` to rebuild.
[WARNING] 2026-09-03 09:42:19,016 benchmark.py:771 OCaml binary /home/udesou/.bench-agent/git/macro-benches/benchmarks/ocamlc-compile-uucp/ocamlc_compile_uucp_default-ocaml-5.5.0-f523850 already exists; skipping build. Set `always_build: true` to rebuild.
[WARNING] 2026-09-03 09:42:19,016 benchmark.py:771 OCaml binary /home/udesou/.bench-agent/git/macro-benches/benchmarks/ocamlc-compile-uucp/ocamlc_compile_uucp_default-ocaml-5.5.0-f523850-fp already exists; skipping build. Set `always_build: true` to rebuild.
[WARNING] 2026-09-03 09:42:19,016 benchmark.py:771 OCaml binary /home/udesou/.bench-agent/git/macro-benches/benchmarks/ocamlc-compile-uucp/ocamlc_compile_uucp_default-ocaml-5.5.0-f523850-flambda already exists; skipping build. Set `always_build: true` to rebuild.
[WARNING] 2026-09-03 09:42:19,017 benchmark.py:771 OCaml binary /home/udesou/.bench-agent/git/macro-benches/benchmarks/ocamlc-compile-uucp/ocamlc_compile_uucp_default-ocaml-5.5.0-f523850-fp-flambda already exists; skipping build. Set `always_build: true` to rebuild.
[WARNING] 2026-09-03 09:42:19,017 benchmark.py:771 OCaml binary /home/udesou/.bench-agent/git/macro-benches/benchmarks/ocamlc-compile-uucp/ocamlc_compile_uucp_large-ocaml-5.5.0-f523850 already exists; skipping build. Set `always_build: true` to rebuild.
[WARNING] 2026-09-03 09:42:19,017 benchmark.py:771 OCaml binary /home/udesou/.bench-agent/git/macro-benches/benchmarks/ocamlc-compile-uucp/ocamlc_compile_uucp_large-ocaml-5.5.0-f523850-fp already exists; skipping build. Set `always_build: true` to rebuild.
[WARNING] 2026-09-03 09:42:19,017 benchmark.py:771 OCaml binary /home/udesou/.bench-agent/git/macro-benches/benchmarks/ocamlc-compile-uucp/ocamlc_compile_uucp_large-ocaml-5.5.0-f523850-flambda already exists; skipping build. Set `always_build: true` to rebuild.
[WARNING] 2026-09-03 09:42:19,017 benchmark.py:771 OCaml binary /home/udesou/.bench-agent/git/macro-benches/benchmarks/ocamlc-compile-uucp/ocamlc_compile_uucp_large-ocaml-5.5.0-f523850-fp-flambda already exists; skipping build. Set `always_build: true` to rebuild.
[WARNING] 2026-09-03 09:42:19,018 benchmark.py:771 OCaml binary /home/udesou/.bench-agent/git/macro-benches/benchmarks/liquidsoap-lang/liq_parse_typecheck_default-ocaml-5.5.0-f523850 already exists; skipping build. Set `always_build: true` to rebuild.
[WARNING] 2026-09-03 09:42:19,018 benchmark.py:771 OCaml binary /home/udesou/.bench-agent/git/macro-benches/benchmarks/liquidsoap-lang/liq_parse_typecheck_default-ocaml-5.5.0-f523850-fp already exists; skipping build. Set `always_build: true` to rebuild.
[WARNING] 2026-09-03 09:42:19,018 benchmark.py:771 OCaml binary /home/udesou/.bench-agent/git/macro-benches/benchmarks/liquidsoap-lang/liq_parse_typecheck_default-ocaml-5.5.0-f523850-flambda already exists; skipping build. Set `always_build: true` to rebuild.
[WARNING] 2026-09-03 09:42:19,018 benchmark.py:771 OCaml binary /home/udesou/.bench-agent/git/macro-benches/benchmarks/liquidsoap-lang/liq_parse_typecheck_default-ocaml-5.5.0-f523850-fp-flambda already exists; skipping build. Set `always_build: true` to rebuild.
[WARNING] 2026-09-03 09:42:19,018 benchmark.py:771 OCaml binary /home/udesou/.bench-agent/git/macro-benches/benchmarks/liquidsoap-lang/liq_parse_typecheck_large-ocaml-5.5.0-f523850 already exists; skipping build. Set `always_build: true` to rebuild.
[WARNING] 2026-09-03 09:42:19,018 benchmark.py:771 OCaml binary /home/udesou/.bench-agent/git/macro-benches/benchmarks/liquidsoap-lang/liq_parse_typecheck_large-ocaml-5.5.0-f523850-fp already exists; skipping build. Set `always_build: true` to rebuild.
[WARNING] 2026-09-03 09:42:19,019 benchmark.py:771 OCaml binary /home/udesou/.bench-agent/git/macro-benches/benchmarks/liquidsoap-lang/liq_parse_typecheck_large-ocaml-5.5.0-f523850-flambda already exists; skipping build. Set `always_build: true` to rebuild.
[WARNING] 2026-09-03 09:42:19,019 benchmark.py:771 OCaml binary /home/udesou/.bench-agent/git/macro-benches/benchmarks/liquidsoap-lang/liq_parse_typecheck_large-ocaml-5.5.0-f523850-fp-flambda already exists; skipping build. Set `always_build: true` to rebuild.
[WARNING] 2026-09-03 09:42:19,019 benchmark.py:771 OCaml binary /home/udesou/.bench-agent/git/macro-benches/benchmarks/js_of_ocaml/jsoo_default-ocaml-5.5.0-f523850 already exists; skipping build. Set `always_build: true` to rebuild.
[WARNING] 2026-09-03 09:42:19,019 benchmark.py:771 OCaml binary /home/udesou/.bench-agent/git/macro-benches/benchmarks/js_of_ocaml/jsoo_default-ocaml-5.5.0-f523850-fp already exists; skipping build. Set `always_build: true` to rebuild.
[WARNING] 2026-09-03 09:42:19,019 benchmark.py:771 OCaml binary /home/udesou/.bench-agent/git/macro-benches/benchmarks/js_of_ocaml/jsoo_default-ocaml-5.5.0-f523850-flambda already exists; skipping build. Set `always_build: true` to rebuild.
[WARNING] 2026-09-03 09:42:19,020 benchmark.py:771 OCaml binary /home/udesou/.bench-agent/git/macro-benches/benchmarks/js_of_ocaml/jsoo_default-ocaml-5.5.0-f523850-fp-flambda already exists; skipping build. Set `always_build: true` to rebuild.
[WARNING] 2026-09-03 09:42:19,020 benchmark.py:771 OCaml binary /home/udesou/.bench-agent/git/macro-benches/benchmarks/js_of_ocaml/jsoo_large-ocaml-5.5.0-f523850 already exists; skipping build. Set `always_build: true` to rebuild.
[WARNING] 2026-09-03 09:42:19,020 benchmark.py:771 OCaml binary /home/udesou/.bench-agent/git/macro-benches/benchmarks/js_of_ocaml/jsoo_large-ocaml-5.5.0-f523850-fp already exists; skipping build. Set `always_build: true` to rebuild.
[WARNING] 2026-09-03 09:42:19,020 benchmark.py:771 OCaml binary /home/udesou/.bench-agent/git/macro-benches/benchmarks/js_of_ocaml/jsoo_large-ocaml-5.5.0-f523850-flambda already exists; skipping build. Set `always_build: true` to rebuild.
[WARNING] 2026-09-03 09:42:19,020 benchmark.py:771 OCaml binary /home/udesou/.bench-agent/git/macro-benches/benchmarks/js_of_ocaml/jsoo_large-ocaml-5.5.0-f523850-fp-flambda already exists; skipping build. Set `always_build: true` to rebuild.
[WARNING] 2026-09-03 09:42:19,021 benchmark.py:771 OCaml binary /home/udesou/.bench-agent/git/macro-benches/benchmarks/liq-video-frames/liq_video_frames_pool_default-ocaml-5.5.0-f523850 already exists; skipping build. Set `always_build: true` to rebuild.
[WARNING] 2026-09-03 09:42:19,021 benchmark.py:771 OCaml binary /home/udesou/.bench-agent/git/macro-benches/benchmarks/liq-video-frames/liq_video_frames_pool_default-ocaml-5.5.0-f523850-fp already exists; skipping build. Set `always_build: true` to rebuild.
[WARNING] 2026-09-03 09:42:19,021 benchmark.py:771 OCaml binary /home/udesou/.bench-agent/git/macro-benches/benchmarks/liq-video-frames/liq_video_frames_pool_default-ocaml-5.5.0-f523850-flambda already exists; skipping build. Set `always_build: true` to rebuild.
[WARNING] 2026-09-03 09:42:19,021 benchmark.py:771 OCaml binary /home/udesou/.bench-agent/git/macro-benches/benchmarks/liq-video-frames/liq_video_frames_pool_default-ocaml-5.5.0-f523850-fp-flambda already exists; skipping build. Set `always_build: true` to rebuild.
[WARNING] 2026-09-03 09:42:19,021 benchmark.py:771 OCaml binary /home/udesou/.bench-agent/git/macro-benches/benchmarks/liq-video-frames/liq_video_frames_pool_large-ocaml-5.5.0-f523850 already exists; skipping build. Set `always_build: true` to rebuild.
[WARNING] 2026-09-03 09:42:19,021 benchmark.py:771 OCaml binary /home/udesou/.bench-agent/git/macro-benches/benchmarks/liq-video-frames/liq_video_frames_pool_large-ocaml-5.5.0-f523850-fp already exists; skipping build. Set `always_build: true` to rebuild.
[WARNING] 2026-09-03 09:42:19,022 benchmark.py:771 OCaml binary /home/udesou/.bench-agent/git/macro-benches/benchmarks/liq-video-frames/liq_video_frames_pool_large-ocaml-5.5.0-f523850-flambda already exists; skipping build. Set `always_build: true` to rebuild.
[WARNING] 2026-09-03 09:42:19,022 benchmark.py:771 OCaml binary /home/udesou/.bench-agent/git/macro-benches/benchmarks/liq-video-frames/liq_video_frames_pool_large-ocaml-5.5.0-f523850-fp-flambda already exists; skipping build. Set `always_build: true` to rebuild.
[WARNING] 2026-09-03 09:42:19,022 benchmark.py:771 OCaml binary /home/udesou/.bench-agent/git/macro-benches/benchmarks/pplacer/pplacer_like_default-ocaml-5.5.0-f523850 already exists; skipping build. Set `always_build: true` to rebuild.
[WARNING] 2026-09-03 09:42:19,022 benchmark.py:771 OCaml binary /home/udesou/.bench-agent/git/macro-benches/benchmarks/pplacer/pplacer_like_default-ocaml-5.5.0-f523850-fp already exists; skipping build. Set `always_build: true` to rebuild.
[WARNING] 2026-09-03 09:42:19,022 benchmark.py:771 OCaml binary /home/udesou/.bench-agent/git/macro-benches/benchmarks/pplacer/pplacer_like_default-ocaml-5.5.0-f523850-flambda already exists; skipping build. Set `always_build: true` to rebuild.
[WARNING] 2026-09-03 09:42:19,023 benchmark.py:771 OCaml binary /home/udesou/.bench-agent/git/macro-benches/benchmarks/pplacer/pplacer_like_default-ocaml-5.5.0-f523850-fp-flambda already exists; skipping build. Set `always_build: true` to rebuild.
[WARNING] 2026-09-03 09:42:19,023 benchmark.py:771 OCaml binary /home/udesou/.bench-agent/git/macro-benches/benchmarks/pplacer/pplacer_like_large-ocaml-5.5.0-f523850 already exists; skipping build. Set `always_build: true` to rebuild.
[WARNING] 2026-09-03 09:42:19,023 benchmark.py:771 OCaml binary /home/udesou/.bench-agent/git/macro-benches/benchmarks/pplacer/pplacer_like_large-ocaml-5.5.0-f523850-fp already exists; skipping build. Set `always_build: true` to rebuild.
[WARNING] 2026-09-03 09:42:19,023 benchmark.py:771 OCaml binary /home/udesou/.bench-agent/git/macro-benches/benchmarks/pplacer/pplacer_like_large-ocaml-5.5.0-f523850-flambda already exists; skipping build. Set `always_build: true` to rebuild.
[WARNING] 2026-09-03 09:42:19,023 benchmark.py:771 OCaml binary /home/udesou/.bench-agent/git/macro-benches/benchmarks/pplacer/pplacer_like_large-ocaml-5.5.0-f523850-fp-flambda already exists; skipping build. Set `always_build: true` to rebuild.
Run id: obelisk-2026-09-03-Thu-094218
menhir_ocamly 0abcdefghijklmnopqrstuvwxyzABCDEFGHIJ1abcdefghijklmnopqrstuvwxyzABCDEFGHIJ2abcdefghijklmnopqrstuvwxyzABCDEFGHIJ3abcdefghijklmnopqrstuvwxyzABCDEFGHIJ4abcdefghijklmnopqrstuvwxyzABCDEFGHIJ
menhir_sysver_canonical 0abcdefghijklmnopqrstuvwxyzABCDEFGHIJ1abcdefghijklmnopqrstuvwxyzABCDEFGHIJ2abcdefghijklmnopqrstuvwxyzABCDEFGHIJ3abcdefghijklmnopqrstuvwxyzABCDEFGHIJ4abcdefghijklmnopqrstuvwxyzABCDEFGHIJ
cpdf_squeeze_default 0abcdefghijklmnopqrstuvwxyzABCDEFGHIJ1abcdefghijklmnopqrstuvwxyzABCDEFGHIJ2abcdefghijklmnopqrstuvwxyzABCDEFGHIJ3abcdefghijklmnopqrstuvwxyzABCDEFGHIJ4abcdefghijklmnopqrstuvwxyzABCDEFGHIJ
cpdf_squeeze_large 0abcdefghijklmnopqrstuvwxyzABCDEFGHIJ1abcdefghijklmnopqrstuvwxyzABCDEFGHIJ2a[WARNING] 2026-09-04 05:29:12,827 benchmark.py:182 Only 963 MiB free on tmpdir filesystem (/tmp/running-ng-events-44ig1hi5); runtime_events ring may fail with SIGBUS. Free space before continuing.
b[WARNING] 2026-09-04 05:31:56,166 benchmark.py:182 Only 676 MiB free on tmpdir filesystem (/tmp/running-ng-events-9l7pp499); runtime_events ring may fail with SIGBUS. Free space before continuing.
c[WARNING] 2026-09-04 05:34:34,455 benchmark.py:182 Only 389 MiB free on tmpdir filesystem (/tmp/running-ng-events-c493j_vn); runtime_events ring may fail with SIGBUS. Free space before continuing.
d[WARNING] 2026-09-04 05:37:31,755 benchmark.py:182 Only 102 MiB free on tmpdir filesystem (/tmp/running-ng-events-ixyflx2m); runtime_events ring may fail with SIGBUS. Free space before continuing.
[WARNING] 2026-09-04 05:40:12,068 runbms.py:532 Benchmark cpdf_squeeze_large config ocaml-5.5.0-f523850|perf_grp1|s-262144|o-80 failed: [Errno 28] No space left on device — skipping.
X[WARNING] 2026-09-04 05:40:13,351 runbms.py:532 Benchmark cpdf_squeeze_large config ocaml-5.5.0-f523850|perf_grp1|s-262144|o-120 failed: [Errno 28] No space left on device — skipping.
X[WARNING] 2026-09-04 05:40:14,615 runbms.py:532 Benchmark cpdf_squeeze_large config ocaml-5.5.0-f523850|perf_grp1|s-524288|o-40 failed: [Errno 28] No space left on device — skipping.
X[WARNING] 2026-09-04 05:40:15,879 runbms.py:532 Benchmark cpdf_squeeze_large config ocaml-5.5.0-f523850|perf_grp1|s-524288|o-80 failed: [Errno 28] No space left on device — skipping.
X[WARNING] 2026-09-04 05:40:17,145 runbms.py:532 Benchmark cpdf_squeeze_large config ocaml-5.5.0-f523850|perf_grp1|s-524288|o-120 failed: [Errno 28] No space left on device — skipping.
X[WARNING] 2026-09-04 05:40:18,410 runbms.py:532 Benchmark cpdf_squeeze_large config ocaml-5.5.0-f523850-fp|perf_grp1|s-131072|o-40 failed: [Errno 28] No space left on device — skipping.
X[WARNING] 2026-09-04 05:40:19,675 runbms.py:532 Benchmark cpdf_squeeze_large config ocaml-5.5.0-f523850-fp|perf_grp1|s-131072|o-80 failed: [Errno 28] No space left on device — skipping.
X[WARNING] 2026-09-04 05:40:20,939 runbms.py:532 Benchmark cpdf_squeeze_large config ocaml-5.5.0-f523850-fp|perf_grp1|s-131072|o-120 failed: [Errno 28] No space left on device — skipping.
X[WARNING] 2026-09-04 05:40:22,205 runbms.py:532 Benchmark cpdf_squeeze_large config ocaml-5.5.0-f523850-fp|perf_grp1|s-262144|o-40 failed: [Errno 28] No space left on device — skipping.
X[WARNING] 2026-09-04 05:40:23,470 runbms.py:532 Benchmark cpdf_squeeze_large config ocaml-5.5.0-f523850-fp|perf_grp1|s-262144|o-80 failed: [Errno 28] No space left on device — skipping.
X[WARNING] 2026-09-04 05:40:24,736 runbms.py:532 Benchmark cpdf_squeeze_large config ocaml-5.5.0-f523850-fp|perf_grp1|s-262144|o-120 failed: [Errno 28] No space left on device — skipping.
X[WARNING] 2026-09-04 05:40:26,001 runbms.py:532 Benchmark cpdf_squeeze_large config ocaml-5.5.0-f523850-fp|perf_grp1|s-524288|o-40 failed: [Errno 28] No space left on device — skipping.
X[WARNING] 2026-09-04 05:40:27,265 runbms.py:532 Benchmark cpdf_squeeze_large config ocaml-5.5.0-f523850-fp|perf_grp1|s-524288|o-80 failed: [Errno 28] No space left on device — skipping.
X[WARNING] 2026-09-04 05:40:28,530 runbms.py:532 Benchmark cpdf_squeeze_large config ocaml-5.5.0-f523850-fp|perf_grp1|s-524288|o-120 failed: [Errno 28] No space left on device — skipping.
X[WARNING] 2026-09-04 05:40:29,794 runbms.py:532 Benchmark cpdf_squeeze_large config ocaml-5.5.0-f523850-flambda|perf_grp1|s-131072|o-40 failed: [Errno 28] No space left on device — skipping.
X[WARNING] 2026-09-04 05:40:31,058 runbms.py:532 Benchmark cpdf_squeeze_large config ocaml-5.5.0-f523850-flambda|perf_grp1|s-131072|o-80 failed: [Errno 28] No space left on device — skipping.
X[WARNING] 2026-09-04 05:40:32,324 runbms.py:532 Benchmark cpdf_squeeze_large config ocaml-5.5.0-f523850-flambda|perf_grp1|s-131072|o-120 failed: [Errno 28] No space left on device — skipping.
X[WARNING] 2026-09-04 05:40:33,590 runbms.py:532 Benchmark cpdf_squeeze_large config ocaml-5.5.0-f523850-flambda|perf_grp1|s-262144|o-40 failed: [Errno 28] No space left on device — skipping.
X[WARNING] 2026-09-04 05:40:34,854 runbms.py:532 Benchmark cpdf_squeeze_large config ocaml-5.5.0-f523850-flambda|perf_grp1|s-262144|o-80 failed: [Errno 28] No space left on device — skipping.
X[WARNING] 2026-09-04 05:40:36,119 runbms.py:532 Benchmark cpdf_squeeze_large config ocaml-5.5.0-f523850-flambda|perf_grp1|s-262144|o-120 failed: [Errno 28] No space left on device — skipping.
X[WARNING] 2026-09-04 05:40:37,384 runbms.py:532 Benchmark cpdf_squeeze_large config ocaml-5.5.0-f523850-flambda|perf_grp1|s-524288|o-40 failed: [Errno 28] No space left on device — skipping.
--- Logging error ---
Traceback (most recent call last):
  File "/home/udesou/.bench-agent/git/running-ng/src/running/command/runbms.py", line 510, in run_one_benchmark
    output, exit_status = run_benchmark_with_config(
                          ^^^^^^^^^^^^^^^^^^^^^^^^^^
  File "/home/udesou/.bench-agent/git/running-ng/src/running/command/runbms.py", line 194, in run_benchmark_with_config
    output, companion_out, exit_status = mod_b.run(runtime, cwd=runbms_dir, memtrace_path=memtrace_path)
                                         ^^^^^^^^^^^^^^^^^^^^^^^^^^^^^^^^^^^^^^^^^^^^^^^^^^^^^^^^^^^^^^^
  File "/home/udesou/.bench-agent/git/running-ng/src/running/benchmark.py", line 482, in run
    return self._run_with_perf_and_olly(cmd, env_args, effective_cwd, self.perf_and_olly_attach)
           ^^^^^^^^^^^^^^^^^^^^^^^^^^^^^^^^^^^^^^^^^^^^^^^^^^^^^^^^^^^^^^^^^^^^^^^^^^^^^^^^^^^^^
  File "/home/udesou/.bench-agent/git/running-ng/src/running/benchmark.py", line 176, in _run_with_perf_and_olly
    tmpdir = tempfile.mkdtemp(prefix="running-ng-events-")
             ^^^^^^^^^^^^^^^^^^^^^^^^^^^^^^^^^^^^^^^^^^^^^
  File "/usr/lib/python3.12/tempfile.py", line 523, in mkdtemp
    _os.mkdir(file, 0o700)
OSError: [Errno 28] No space left on device: '/tmp/running-ng-events-cy4c98yj'

During handling of the above exception, another exception occurred:

Traceback (most recent call last):
  File "/home/udesou/.bench-agent/git/running-ng/src/running/command/runbms.py", line 509, in run_one_benchmark
    with (log_dir / log_filename).open("ab") as fd:
OSError: [Errno 28] No space left on device

During handling of the above exception, another exception occurred:

Traceback (most recent call last):
  File "/home/udesou/.bench-agent/git/running-ng/src/running/command/runbms.py", line 812, in run
    run_one_hfac(invocations, None, suites, benchmarks,
  File "/home/udesou/.bench-agent/git/running-ng/src/running/command/runbms.py", line 595, in run_one_hfac
    run_one_benchmark(invocations, suite, bm, hfac,
  File "/home/udesou/.bench-agent/git/running-ng/src/running/command/runbms.py", line 536, in run_one_benchmark
    print("X", end="", flush=True)
OSError: [Errno 28] No space left on device

During handling of the above exception, another exception occurred:

Traceback (most recent call last):
  File "<frozen runpy>", line 198, in _run_module_as_main
  File "<frozen runpy>", line 88, in _run_code
  File "/home/udesou/.bench-agent/git/running-ng/src/running/__main__.py", line 70, in <module>
    main()
  File "/home/udesou/.bench-agent/git/running-ng/src/running/__main__.py", line 52, in main
    if m.run(args):
       ^^^^^^^^^^^
  File "/home/udesou/.bench-agent/git/running-ng/src/running/command/runbms.py", line 824, in run
    n_cfg, n_bench = _native_emitter.finalize()
                     ^^^^^^^^^^^^^^^^^^^^^^^^^^
  File "/home/udesou/.bench-agent/git/running-ng/src/running/contract/native.py", line 237, in finalize
    emit.write_json(str(self.dir / "manifest.json"), man)
  File "/home/udesou/.bench-agent/git/running-ng/src/running/contract/emit.py", line 196, in write_json
    json.dump(obj, f, indent=2)
  File "/usr/lib/python3.12/json/__init__.py", line 180, in dump
    fp.write(chunk)
OSError: [Errno 28] No space left on device
X