Tools switch: /home/udesou/ocaml-bench-service (/home/udesou/ocaml-bench-service/_opam/bin)
Running GC sweep with config: /home/udesou/.bench-agent/work/run-20260902-001-e2/run-20260902-001.yml
Benchmark directory: /home/udesou/.bench-agent/git/macro-benches
Logs root: /home/udesou/.bench-agent/logs
[INFO] 2026-09-03 00:53:27,021 runbms.py:618 Temporary directory: /tmp/runbms-om2ukwzv
[INFO] 2026-09-03 00:53:27,023 config.py:420 Loading config /home/udesou/.bench-agent/work/run-20260902-001-e2/run-20260902-001.yml, expanding to /home/udesou/.bench-agent/work/run-20260902-001-e2/run-20260902-001.yml, relative to /home/udesou/ocaml-bench-service
[INFO] 2026-09-03 00:53:27,023 config.py:424     is absolute
[INFO] 2026-09-03 00:53:27,027 config.py:420 Loading config /home/udesou/.bench-agent/git/running-ng/src/running/config/base/ocaml/macro_base.yml, expanding to /home/udesou/.bench-agent/git/running-ng/src/running/config/base/ocaml/macro_base.yml, relative to /home/udesou/.bench-agent/work/run-20260902-001-e2
[INFO] 2026-09-03 00:53:27,028 config.py:424     is absolute
[INFO] 2026-09-03 00:53:27,166 runbms.py:415 cpufreq governor: performance on all 8 CPU(s)
[INFO] 2026-09-03 00:53:27,167 config.py:235 RUNNING_TAG=default_run,large_run applied: kept 42 program(s) across 21 suite(s)
[INFO] 2026-09-03 00:53:27,291 runtime.py:347 Using opam: /usr/local/bin/opam (version 2.3.0)
[WARNING] 2026-09-03 00:53:27,700 runtime.py:566 Reusing pre-existing opam switch 'running-ng-ocaml-5.5.0-f523850' because RUNNING_REUSE_SWITCHES is set; its compiler and dune version are whatever an earlier run happened to install.
[WARNING] 2026-09-03 00:53:27,748 runtime.py:566 Reusing pre-existing opam switch 'running-ng-ocaml-5.5.0-f523850-fp' because RUNNING_REUSE_SWITCHES is set; its compiler and dune version are whatever an earlier run happened to install.
[WARNING] 2026-09-03 00:53:27,797 runtime.py:566 Reusing pre-existing opam switch 'running-ng-ocaml-5.5.0-f523850-flambda' because RUNNING_REUSE_SWITCHES is set; its compiler and dune version are whatever an earlier run happened to install.
[WARNING] 2026-09-03 00:53:27,845 runtime.py:566 Reusing pre-existing opam switch 'running-ng-ocaml-5.5.0-f523850-fp-flambda' because RUNNING_REUSE_SWITCHES is set; its compiler and dune version are whatever an earlier run happened to install.
[INFO] 2026-09-03 00:53:27,872 runbms.py:710 native contract emission enabled (schema_version=1.0) -> /home/udesou/.bench-agent/logs/obelisk-2026-09-03-Thu-005327/contract
[WARNING] 2026-09-03 00:53:27,873 benchmark.py:756 OCaml binary /home/udesou/.bench-agent/git/macro-benches/benchmarks/menhir/menhir_ocamly-ocaml-5.5.0-f523850 already exists; skipping build. Set `always_build: true` to rebuild.
[WARNING] 2026-09-03 00:53:27,873 benchmark.py:756 OCaml binary /home/udesou/.bench-agent/git/macro-benches/benchmarks/menhir/menhir_ocamly-ocaml-5.5.0-f523850-fp already exists; skipping build. Set `always_build: true` to rebuild.
[WARNING] 2026-09-03 00:53:27,873 benchmark.py:756 OCaml binary /home/udesou/.bench-agent/git/macro-benches/benchmarks/menhir/menhir_ocamly-ocaml-5.5.0-f523850-flambda already exists; skipping build. Set `always_build: true` to rebuild.
[WARNING] 2026-09-03 00:53:27,874 benchmark.py:756 OCaml binary /home/udesou/.bench-agent/git/macro-benches/benchmarks/menhir/menhir_ocamly-ocaml-5.5.0-f523850-fp-flambda already exists; skipping build. Set `always_build: true` to rebuild.
[WARNING] 2026-09-03 00:53:27,874 benchmark.py:756 OCaml binary /home/udesou/.bench-agent/git/macro-benches/benchmarks/menhir/menhir_sysver_canonical-ocaml-5.5.0-f523850 already exists; skipping build. Set `always_build: true` to rebuild.
[WARNING] 2026-09-03 00:53:27,874 benchmark.py:756 OCaml binary /home/udesou/.bench-agent/git/macro-benches/benchmarks/menhir/menhir_sysver_canonical-ocaml-5.5.0-f523850-fp already exists; skipping build. Set `always_build: true` to rebuild.
[WARNING] 2026-09-03 00:53:27,874 benchmark.py:756 OCaml binary /home/udesou/.bench-agent/git/macro-benches/benchmarks/menhir/menhir_sysver_canonical-ocaml-5.5.0-f523850-flambda already exists; skipping build. Set `always_build: true` to rebuild.
[WARNING] 2026-09-03 00:53:27,874 benchmark.py:756 OCaml binary /home/udesou/.bench-agent/git/macro-benches/benchmarks/menhir/menhir_sysver_canonical-ocaml-5.5.0-f523850-fp-flambda already exists; skipping build. Set `always_build: true` to rebuild.
[WARNING] 2026-09-03 00:53:27,875 benchmark.py:756 OCaml binary /home/udesou/.bench-agent/git/macro-benches/benchmarks/cpdf/cpdf_squeeze_default-ocaml-5.5.0-f523850 already exists; skipping build. Set `always_build: true` to rebuild.
[WARNING] 2026-09-03 00:53:27,875 benchmark.py:756 OCaml binary /home/udesou/.bench-agent/git/macro-benches/benchmarks/cpdf/cpdf_squeeze_default-ocaml-5.5.0-f523850-fp already exists; skipping build. Set `always_build: true` to rebuild.
[WARNING] 2026-09-03 00:53:27,875 benchmark.py:756 OCaml binary /home/udesou/.bench-agent/git/macro-benches/benchmarks/cpdf/cpdf_squeeze_default-ocaml-5.5.0-f523850-flambda already exists; skipping build. Set `always_build: true` to rebuild.
[WARNING] 2026-09-03 00:53:27,875 benchmark.py:756 OCaml binary /home/udesou/.bench-agent/git/macro-benches/benchmarks/cpdf/cpdf_squeeze_default-ocaml-5.5.0-f523850-fp-flambda already exists; skipping build. Set `always_build: true` to rebuild.
[WARNING] 2026-09-03 00:53:27,875 benchmark.py:756 OCaml binary /home/udesou/.bench-agent/git/macro-benches/benchmarks/cpdf/cpdf_squeeze_large-ocaml-5.5.0-f523850 already exists; skipping build. Set `always_build: true` to rebuild.
[WARNING] 2026-09-03 00:53:27,876 benchmark.py:756 OCaml binary /home/udesou/.bench-agent/git/macro-benches/benchmarks/cpdf/cpdf_squeeze_large-ocaml-5.5.0-f523850-fp already exists; skipping build. Set `always_build: true` to rebuild.
[WARNING] 2026-09-03 00:53:27,876 benchmark.py:756 OCaml binary /home/udesou/.bench-agent/git/macro-benches/benchmarks/cpdf/cpdf_squeeze_large-ocaml-5.5.0-f523850-flambda already exists; skipping build. Set `always_build: true` to rebuild.
[WARNING] 2026-09-03 00:53:27,876 benchmark.py:756 OCaml binary /home/udesou/.bench-agent/git/macro-benches/benchmarks/cpdf/cpdf_squeeze_large-ocaml-5.5.0-f523850-fp-flambda already exists; skipping build. Set `always_build: true` to rebuild.
[WARNING] 2026-09-03 00:53:27,876 benchmark.py:756 OCaml binary /home/udesou/.bench-agent/git/macro-benches/benchmarks/alt-ergo/alt_ergo_chain_default-ocaml-5.5.0-f523850 already exists; skipping build. Set `always_build: true` to rebuild.
[WARNING] 2026-09-03 00:53:27,876 benchmark.py:756 OCaml binary /home/udesou/.bench-agent/git/macro-benches/benchmarks/alt-ergo/alt_ergo_chain_default-ocaml-5.5.0-f523850-fp already exists; skipping build. Set `always_build: true` to rebuild.
[WARNING] 2026-09-03 00:53:27,876 benchmark.py:756 OCaml binary /home/udesou/.bench-agent/git/macro-benches/benchmarks/alt-ergo/alt_ergo_chain_default-ocaml-5.5.0-f523850-flambda already exists; skipping build. Set `always_build: true` to rebuild.
[WARNING] 2026-09-03 00:53:27,877 benchmark.py:756 OCaml binary /home/udesou/.bench-agent/git/macro-benches/benchmarks/alt-ergo/alt_ergo_chain_default-ocaml-5.5.0-f523850-fp-flambda already exists; skipping build. Set `always_build: true` to rebuild.
[WARNING] 2026-09-03 00:53:27,877 benchmark.py:756 OCaml binary /home/udesou/.bench-agent/git/macro-benches/benchmarks/alt-ergo/alt_ergo_chain_large-ocaml-5.5.0-f523850 already exists; skipping build. Set `always_build: true` to rebuild.
[WARNING] 2026-09-03 00:53:27,877 benchmark.py:756 OCaml binary /home/udesou/.bench-agent/git/macro-benches/benchmarks/alt-ergo/alt_ergo_chain_large-ocaml-5.5.0-f523850-fp already exists; skipping build. Set `always_build: true` to rebuild.
[WARNING] 2026-09-03 00:53:27,877 benchmark.py:756 OCaml binary /home/udesou/.bench-agent/git/macro-benches/benchmarks/alt-ergo/alt_ergo_chain_large-ocaml-5.5.0-f523850-flambda already exists; skipping build. Set `always_build: true` to rebuild.
[WARNING] 2026-09-03 00:53:27,877 benchmark.py:756 OCaml binary /home/udesou/.bench-agent/git/macro-benches/benchmarks/alt-ergo/alt_ergo_chain_large-ocaml-5.5.0-f523850-fp-flambda already exists; skipping build. Set `always_build: true` to rebuild.
[WARNING] 2026-09-03 00:53:27,878 benchmark.py:756 OCaml binary /home/udesou/.bench-agent/git/macro-benches/benchmarks/frama-c/frama_c_eva_sqlite_default-ocaml-5.5.0-f523850 already exists; skipping build. Set `always_build: true` to rebuild.
[WARNING] 2026-09-03 00:53:27,878 benchmark.py:756 OCaml binary /home/udesou/.bench-agent/git/macro-benches/benchmarks/frama-c/frama_c_eva_sqlite_default-ocaml-5.5.0-f523850-fp already exists; skipping build. Set `always_build: true` to rebuild.
[WARNING] 2026-09-03 00:53:27,878 benchmark.py:756 OCaml binary /home/udesou/.bench-agent/git/macro-benches/benchmarks/frama-c/frama_c_eva_sqlite_default-ocaml-5.5.0-f523850-flambda already exists; skipping build. Set `always_build: true` to rebuild.
[WARNING] 2026-09-03 00:53:27,878 benchmark.py:756 OCaml binary /home/udesou/.bench-agent/git/macro-benches/benchmarks/frama-c/frama_c_eva_sqlite_default-ocaml-5.5.0-f523850-fp-flambda already exists; skipping build. Set `always_build: true` to rebuild.
[WARNING] 2026-09-03 00:53:27,878 benchmark.py:756 OCaml binary /home/udesou/.bench-agent/git/macro-benches/benchmarks/frama-c/frama_c_eva_sqlite_large-ocaml-5.5.0-f523850 already exists; skipping build. Set `always_build: true` to rebuild.
[WARNING] 2026-09-03 00:53:27,878 benchmark.py:756 OCaml binary /home/udesou/.bench-agent/git/macro-benches/benchmarks/frama-c/frama_c_eva_sqlite_large-ocaml-5.5.0-f523850-fp already exists; skipping build. Set `always_build: true` to rebuild.
[WARNING] 2026-09-03 00:53:27,879 benchmark.py:756 OCaml binary /home/udesou/.bench-agent/git/macro-benches/benchmarks/frama-c/frama_c_eva_sqlite_large-ocaml-5.5.0-f523850-flambda already exists; skipping build. Set `always_build: true` to rebuild.
[WARNING] 2026-09-03 00:53:27,879 benchmark.py:756 OCaml binary /home/udesou/.bench-agent/git/macro-benches/benchmarks/frama-c/frama_c_eva_sqlite_large-ocaml-5.5.0-f523850-fp-flambda already exists; skipping build. Set `always_build: true` to rebuild.
[WARNING] 2026-09-03 00:53:27,879 benchmark.py:756 OCaml binary /home/udesou/.bench-agent/git/macro-benches/benchmarks/goblint/goblint_gen_default-ocaml-5.5.0-f523850 already exists; skipping build. Set `always_build: true` to rebuild.
[WARNING] 2026-09-03 00:53:27,879 benchmark.py:756 OCaml binary /home/udesou/.bench-agent/git/macro-benches/benchmarks/goblint/goblint_gen_default-ocaml-5.5.0-f523850-fp already exists; skipping build. Set `always_build: true` to rebuild.
[WARNING] 2026-09-03 00:53:27,879 benchmark.py:756 OCaml binary /home/udesou/.bench-agent/git/macro-benches/benchmarks/goblint/goblint_gen_default-ocaml-5.5.0-f523850-flambda already exists; skipping build. Set `always_build: true` to rebuild.
[WARNING] 2026-09-03 00:53:27,880 benchmark.py:756 OCaml binary /home/udesou/.bench-agent/git/macro-benches/benchmarks/goblint/goblint_gen_default-ocaml-5.5.0-f523850-fp-flambda already exists; skipping build. Set `always_build: true` to rebuild.
[WARNING] 2026-09-03 00:53:27,880 benchmark.py:756 OCaml binary /home/udesou/.bench-agent/git/macro-benches/benchmarks/goblint/goblint_gen_large-ocaml-5.5.0-f523850 already exists; skipping build. Set `always_build: true` to rebuild.
[WARNING] 2026-09-03 00:53:27,880 benchmark.py:756 OCaml binary /home/udesou/.bench-agent/git/macro-benches/benchmarks/goblint/goblint_gen_large-ocaml-5.5.0-f523850-fp already exists; skipping build. Set `always_build: true` to rebuild.
[WARNING] 2026-09-03 00:53:27,880 benchmark.py:756 OCaml binary /home/udesou/.bench-agent/git/macro-benches/benchmarks/goblint/goblint_gen_large-ocaml-5.5.0-f523850-flambda already exists; skipping build. Set `always_build: true` to rebuild.
[WARNING] 2026-09-03 00:53:27,880 benchmark.py:756 OCaml binary /home/udesou/.bench-agent/git/macro-benches/benchmarks/goblint/goblint_gen_large-ocaml-5.5.0-f523850-fp-flambda already exists; skipping build. Set `always_build: true` to rebuild.
[WARNING] 2026-09-03 00:53:27,881 runbms.py:776 Build failed for macro-infer-monorepo/infer_default with runtime ocaml-5.5.0-f523850: Build previously failed for infer_default-ocaml-5.5.0-f523850 (sentinel: /home/udesou/.bench-agent/git/macro-benches/benchmarks/infer/infer_default-ocaml-5.5.0-f523850.build-failed). Delete the sentinel file to retry. — skipping.
[WARNING] 2026-09-03 00:53:27,881 runbms.py:776 Build failed for macro-infer-monorepo/infer_default with runtime ocaml-5.5.0-f523850-fp: Build previously failed for infer_default-ocaml-5.5.0-f523850-fp (sentinel: /home/udesou/.bench-agent/git/macro-benches/benchmarks/infer/infer_default-ocaml-5.5.0-f523850-fp.build-failed). Delete the sentinel file to retry. — skipping.
[WARNING] 2026-09-03 00:53:27,881 runbms.py:776 Build failed for macro-infer-monorepo/infer_default with runtime ocaml-5.5.0-f523850-flambda: Build previously failed for infer_default-ocaml-5.5.0-f523850-flambda (sentinel: /home/udesou/.bench-agent/git/macro-benches/benchmarks/infer/infer_default-ocaml-5.5.0-f523850-flambda.build-failed). Delete the sentinel file to retry. — skipping.
[WARNING] 2026-09-03 00:53:27,881 runbms.py:776 Build failed for macro-infer-monorepo/infer_default with runtime ocaml-5.5.0-f523850-fp-flambda: Build previously failed for infer_default-ocaml-5.5.0-f523850-fp-flambda (sentinel: /home/udesou/.bench-agent/git/macro-benches/benchmarks/infer/infer_default-ocaml-5.5.0-f523850-fp-flambda.build-failed). Delete the sentinel file to retry. — skipping.
[WARNING] 2026-09-03 00:53:27,881 runbms.py:776 Build failed for macro-infer-monorepo/infer_large with runtime ocaml-5.5.0-f523850: Build previously failed for infer_large-ocaml-5.5.0-f523850 (sentinel: /home/udesou/.bench-agent/git/macro-benches/benchmarks/infer/infer_large-ocaml-5.5.0-f523850.build-failed). Delete the sentinel file to retry. — skipping.
[WARNING] 2026-09-03 00:53:27,881 runbms.py:776 Build failed for macro-infer-monorepo/infer_large with runtime ocaml-5.5.0-f523850-fp: Build previously failed for infer_large-ocaml-5.5.0-f523850-fp (sentinel: /home/udesou/.bench-agent/git/macro-benches/benchmarks/infer/infer_large-ocaml-5.5.0-f523850-fp.build-failed). Delete the sentinel file to retry. — skipping.
[WARNING] 2026-09-03 00:53:27,882 runbms.py:776 Build failed for macro-infer-monorepo/infer_large with runtime ocaml-5.5.0-f523850-flambda: Build previously failed for infer_large-ocaml-5.5.0-f523850-flambda (sentinel: /home/udesou/.bench-agent/git/macro-benches/benchmarks/infer/infer_large-ocaml-5.5.0-f523850-flambda.build-failed). Delete the sentinel file to retry. — skipping.
[WARNING] 2026-09-03 00:53:27,882 runbms.py:776 Build failed for macro-infer-monorepo/infer_large with runtime ocaml-5.5.0-f523850-fp-flambda: Build previously failed for infer_large-ocaml-5.5.0-f523850-fp-flambda (sentinel: /home/udesou/.bench-agent/git/macro-benches/benchmarks/infer/infer_large-ocaml-5.5.0-f523850-fp-flambda.build-failed). Delete the sentinel file to retry. — skipping.
[WARNING] 2026-09-03 00:53:27,882 benchmark.py:756 OCaml binary /home/udesou/.bench-agent/git/macro-benches/benchmarks/coq/coqc_tree_default-ocaml-5.5.0-f523850 already exists; skipping build. Set `always_build: true` to rebuild.
[WARNING] 2026-09-03 00:53:27,882 benchmark.py:756 OCaml binary /home/udesou/.bench-agent/git/macro-benches/benchmarks/coq/coqc_tree_default-ocaml-5.5.0-f523850-fp already exists; skipping build. Set `always_build: true` to rebuild.
[WARNING] 2026-09-03 00:53:27,882 benchmark.py:756 OCaml binary /home/udesou/.bench-agent/git/macro-benches/benchmarks/coq/coqc_tree_default-ocaml-5.5.0-f523850-flambda already exists; skipping build. Set `always_build: true` to rebuild.
[WARNING] 2026-09-03 00:53:27,883 benchmark.py:756 OCaml binary /home/udesou/.bench-agent/git/macro-benches/benchmarks/coq/coqc_tree_default-ocaml-5.5.0-f523850-fp-flambda already exists; skipping build. Set `always_build: true` to rebuild.
[WARNING] 2026-09-03 00:53:27,883 benchmark.py:756 OCaml binary /home/udesou/.bench-agent/git/macro-benches/benchmarks/coq/coqc_tree_large-ocaml-5.5.0-f523850 already exists; skipping build. Set `always_build: true` to rebuild.
[WARNING] 2026-09-03 00:53:27,883 benchmark.py:756 OCaml binary /home/udesou/.bench-agent/git/macro-benches/benchmarks/coq/coqc_tree_large-ocaml-5.5.0-f523850-fp already exists; skipping build. Set `always_build: true` to rebuild.
[WARNING] 2026-09-03 00:53:27,883 benchmark.py:756 OCaml binary /home/udesou/.bench-agent/git/macro-benches/benchmarks/coq/coqc_tree_large-ocaml-5.5.0-f523850-flambda already exists; skipping build. Set `always_build: true` to rebuild.
[WARNING] 2026-09-03 00:53:27,883 benchmark.py:756 OCaml binary /home/udesou/.bench-agent/git/macro-benches/benchmarks/coq/coqc_tree_large-ocaml-5.5.0-f523850-fp-flambda already exists; skipping build. Set `always_build: true` to rebuild.
[WARNING] 2026-09-03 00:53:27,884 benchmark.py:756 OCaml binary /home/udesou/.bench-agent/git/macro-benches/benchmarks/ahrefs-devkit/devkit_htmlstream_default-ocaml-5.5.0-f523850 already exists; skipping build. Set `always_build: true` to rebuild.
[WARNING] 2026-09-03 00:53:27,884 benchmark.py:756 OCaml binary /home/udesou/.bench-agent/git/macro-benches/benchmarks/ahrefs-devkit/devkit_htmlstream_default-ocaml-5.5.0-f523850-fp already exists; skipping build. Set `always_build: true` to rebuild.
[WARNING] 2026-09-03 00:53:27,884 benchmark.py:756 OCaml binary /home/udesou/.bench-agent/git/macro-benches/benchmarks/ahrefs-devkit/devkit_htmlstream_default-ocaml-5.5.0-f523850-flambda already exists; skipping build. Set `always_build: true` to rebuild.
[WARNING] 2026-09-03 00:53:27,884 benchmark.py:756 OCaml binary /home/udesou/.bench-agent/git/macro-benches/benchmarks/ahrefs-devkit/devkit_htmlstream_default-ocaml-5.5.0-f523850-fp-flambda already exists; skipping build. Set `always_build: true` to rebuild.
[WARNING] 2026-09-03 00:53:27,884 benchmark.py:756 OCaml binary /home/udesou/.bench-agent/git/macro-benches/benchmarks/ahrefs-devkit/devkit_htmlstream_large-ocaml-5.5.0-f523850 already exists; skipping build. Set `always_build: true` to rebuild.
[WARNING] 2026-09-03 00:53:27,884 benchmark.py:756 OCaml binary /home/udesou/.bench-agent/git/macro-benches/benchmarks/ahrefs-devkit/devkit_htmlstream_large-ocaml-5.5.0-f523850-fp already exists; skipping build. Set `always_build: true` to rebuild.
[WARNING] 2026-09-03 00:53:27,885 benchmark.py:756 OCaml binary /home/udesou/.bench-agent/git/macro-benches/benchmarks/ahrefs-devkit/devkit_htmlstream_large-ocaml-5.5.0-f523850-flambda already exists; skipping build. Set `always_build: true` to rebuild.
[WARNING] 2026-09-03 00:53:27,885 benchmark.py:756 OCaml binary /home/udesou/.bench-agent/git/macro-benches/benchmarks/ahrefs-devkit/devkit_htmlstream_large-ocaml-5.5.0-f523850-fp-flambda already exists; skipping build. Set `always_build: true` to rebuild.
[WARNING] 2026-09-03 00:53:27,885 benchmark.py:756 OCaml binary /home/udesou/.bench-agent/git/macro-benches/benchmarks/irmin/irmin_mem_rw_default-ocaml-5.5.0-f523850 already exists; skipping build. Set `always_build: true` to rebuild.
[WARNING] 2026-09-03 00:53:27,885 benchmark.py:756 OCaml binary /home/udesou/.bench-agent/git/macro-benches/benchmarks/irmin/irmin_mem_rw_default-ocaml-5.5.0-f523850-fp already exists; skipping build. Set `always_build: true` to rebuild.
[WARNING] 2026-09-03 00:53:27,885 benchmark.py:756 OCaml binary /home/udesou/.bench-agent/git/macro-benches/benchmarks/irmin/irmin_mem_rw_default-ocaml-5.5.0-f523850-flambda already exists; skipping build. Set `always_build: true` to rebuild.
[WARNING] 2026-09-03 00:53:27,886 benchmark.py:756 OCaml binary /home/udesou/.bench-agent/git/macro-benches/benchmarks/irmin/irmin_mem_rw_default-ocaml-5.5.0-f523850-fp-flambda already exists; skipping build. Set `always_build: true` to rebuild.
[WARNING] 2026-09-03 00:53:27,886 benchmark.py:756 OCaml binary /home/udesou/.bench-agent/git/macro-benches/benchmarks/irmin/irmin_mem_rw_large-ocaml-5.5.0-f523850 already exists; skipping build. Set `always_build: true` to rebuild.
[WARNING] 2026-09-03 00:53:27,886 benchmark.py:756 OCaml binary /home/udesou/.bench-agent/git/macro-benches/benchmarks/irmin/irmin_mem_rw_large-ocaml-5.5.0-f523850-fp already exists; skipping build. Set `always_build: true` to rebuild.
[WARNING] 2026-09-03 00:53:27,886 benchmark.py:756 OCaml binary /home/udesou/.bench-agent/git/macro-benches/benchmarks/irmin/irmin_mem_rw_large-ocaml-5.5.0-f523850-flambda already exists; skipping build. Set `always_build: true` to rebuild.
[WARNING] 2026-09-03 00:53:27,886 benchmark.py:756 OCaml binary /home/udesou/.bench-agent/git/macro-benches/benchmarks/irmin/irmin_mem_rw_large-ocaml-5.5.0-f523850-fp-flambda already exists; skipping build. Set `always_build: true` to rebuild.
[WARNING] 2026-09-03 00:53:27,886 benchmark.py:756 OCaml binary /home/udesou/.bench-agent/git/macro-benches/benchmarks/ocamlformat/ocamlformat_rocq_default-ocaml-5.5.0-f523850 already exists; skipping build. Set `always_build: true` to rebuild.
[WARNING] 2026-09-03 00:53:27,887 benchmark.py:756 OCaml binary /home/udesou/.bench-agent/git/macro-benches/benchmarks/ocamlformat/ocamlformat_rocq_default-ocaml-5.5.0-f523850-fp already exists; skipping build. Set `always_build: true` to rebuild.
[WARNING] 2026-09-03 00:53:27,887 benchmark.py:756 OCaml binary /home/udesou/.bench-agent/git/macro-benches/benchmarks/ocamlformat/ocamlformat_rocq_default-ocaml-5.5.0-f523850-flambda already exists; skipping build. Set `always_build: true` to rebuild.
[WARNING] 2026-09-03 00:53:27,887 benchmark.py:756 OCaml binary /home/udesou/.bench-agent/git/macro-benches/benchmarks/ocamlformat/ocamlformat_rocq_default-ocaml-5.5.0-f523850-fp-flambda already exists; skipping build. Set `always_build: true` to rebuild.
[WARNING] 2026-09-03 00:53:27,887 benchmark.py:756 OCaml binary /home/udesou/.bench-agent/git/macro-benches/benchmarks/ocamlformat/ocamlformat_rocq_large-ocaml-5.5.0-f523850 already exists; skipping build. Set `always_build: true` to rebuild.
[WARNING] 2026-09-03 00:53:27,887 benchmark.py:756 OCaml binary /home/udesou/.bench-agent/git/macro-benches/benchmarks/ocamlformat/ocamlformat_rocq_large-ocaml-5.5.0-f523850-fp already exists; skipping build. Set `always_build: true` to rebuild.
[WARNING] 2026-09-03 00:53:27,888 benchmark.py:756 OCaml binary /home/udesou/.bench-agent/git/macro-benches/benchmarks/ocamlformat/ocamlformat_rocq_large-ocaml-5.5.0-f523850-flambda already exists; skipping build. Set `always_build: true` to rebuild.
[WARNING] 2026-09-03 00:53:27,888 benchmark.py:756 OCaml binary /home/udesou/.bench-agent/git/macro-benches/benchmarks/ocamlformat/ocamlformat_rocq_large-ocaml-5.5.0-f523850-fp-flambda already exists; skipping build. Set `always_build: true` to rebuild.
[WARNING] 2026-09-03 00:53:27,888 benchmark.py:756 OCaml binary /home/udesou/.bench-agent/git/macro-benches/benchmarks/decompress/test_decompress_default-ocaml-5.5.0-f523850 already exists; skipping build. Set `always_build: true` to rebuild.
[WARNING] 2026-09-03 00:53:27,888 benchmark.py:756 OCaml binary /home/udesou/.bench-agent/git/macro-benches/benchmarks/decompress/test_decompress_default-ocaml-5.5.0-f523850-fp already exists; skipping build. Set `always_build: true` to rebuild.
[WARNING] 2026-09-03 00:53:27,888 benchmark.py:756 OCaml binary /home/udesou/.bench-agent/git/macro-benches/benchmarks/decompress/test_decompress_default-ocaml-5.5.0-f523850-flambda already exists; skipping build. Set `always_build: true` to rebuild.
[WARNING] 2026-09-03 00:53:27,889 benchmark.py:756 OCaml binary /home/udesou/.bench-agent/git/macro-benches/benchmarks/decompress/test_decompress_default-ocaml-5.5.0-f523850-fp-flambda already exists; skipping build. Set `always_build: true` to rebuild.
[WARNING] 2026-09-03 00:53:27,889 benchmark.py:756 OCaml binary /home/udesou/.bench-agent/git/macro-benches/benchmarks/decompress/test_decompress_large-ocaml-5.5.0-f523850 already exists; skipping build. Set `always_build: true` to rebuild.
[WARNING] 2026-09-03 00:53:27,889 benchmark.py:756 OCaml binary /home/udesou/.bench-agent/git/macro-benches/benchmarks/decompress/test_decompress_large-ocaml-5.5.0-f523850-fp already exists; skipping build. Set `always_build: true` to rebuild.
[WARNING] 2026-09-03 00:53:27,889 benchmark.py:756 OCaml binary /home/udesou/.bench-agent/git/macro-benches/benchmarks/decompress/test_decompress_large-ocaml-5.5.0-f523850-flambda already exists; skipping build. Set `always_build: true` to rebuild.
[WARNING] 2026-09-03 00:53:27,889 benchmark.py:756 OCaml binary /home/udesou/.bench-agent/git/macro-benches/benchmarks/decompress/test_decompress_large-ocaml-5.5.0-f523850-fp-flambda already exists; skipping build. Set `always_build: true` to rebuild.
[WARNING] 2026-09-03 00:53:27,890 benchmark.py:756 OCaml binary /home/udesou/.bench-agent/git/macro-benches/benchmarks/eio/eio_conc_default-ocaml-5.5.0-f523850 already exists; skipping build. Set `always_build: true` to rebuild.
[WARNING] 2026-09-03 00:53:27,890 benchmark.py:756 OCaml binary /home/udesou/.bench-agent/git/macro-benches/benchmarks/eio/eio_conc_default-ocaml-5.5.0-f523850-fp already exists; skipping build. Set `always_build: true` to rebuild.
[WARNING] 2026-09-03 00:53:27,890 benchmark.py:756 OCaml binary /home/udesou/.bench-agent/git/macro-benches/benchmarks/eio/eio_conc_default-ocaml-5.5.0-f523850-flambda already exists; skipping build. Set `always_build: true` to rebuild.
[WARNING] 2026-09-03 00:53:27,890 benchmark.py:756 OCaml binary /home/udesou/.bench-agent/git/macro-benches/benchmarks/eio/eio_conc_default-ocaml-5.5.0-f523850-fp-flambda already exists; skipping build. Set `always_build: true` to rebuild.
[WARNING] 2026-09-03 00:53:27,890 benchmark.py:756 OCaml binary /home/udesou/.bench-agent/git/macro-benches/benchmarks/eio/eio_conc_large-ocaml-5.5.0-f523850 already exists; skipping build. Set `always_build: true` to rebuild.
[WARNING] 2026-09-03 00:53:27,890 benchmark.py:756 OCaml binary /home/udesou/.bench-agent/git/macro-benches/benchmarks/eio/eio_conc_large-ocaml-5.5.0-f523850-fp already exists; skipping build. Set `always_build: true` to rebuild.
[WARNING] 2026-09-03 00:53:27,891 benchmark.py:756 OCaml binary /home/udesou/.bench-agent/git/macro-benches/benchmarks/eio/eio_conc_large-ocaml-5.5.0-f523850-flambda already exists; skipping build. Set `always_build: true` to rebuild.
[WARNING] 2026-09-03 00:53:27,891 benchmark.py:756 OCaml binary /home/udesou/.bench-agent/git/macro-benches/benchmarks/eio/eio_conc_large-ocaml-5.5.0-f523850-fp-flambda already exists; skipping build. Set `always_build: true` to rebuild.
[WARNING] 2026-09-03 00:53:27,891 benchmark.py:756 OCaml binary /home/udesou/.bench-agent/git/macro-benches/benchmarks/sedlex/sedlex_tokenize_default-ocaml-5.5.0-f523850 already exists; skipping build. Set `always_build: true` to rebuild.
[WARNING] 2026-09-03 00:53:27,891 benchmark.py:756 OCaml binary /home/udesou/.bench-agent/git/macro-benches/benchmarks/sedlex/sedlex_tokenize_default-ocaml-5.5.0-f523850-fp already exists; skipping build. Set `always_build: true` to rebuild.
[WARNING] 2026-09-03 00:53:27,891 benchmark.py:756 OCaml binary /home/udesou/.bench-agent/git/macro-benches/benchmarks/sedlex/sedlex_tokenize_default-ocaml-5.5.0-f523850-flambda already exists; skipping build. Set `always_build: true` to rebuild.
[WARNING] 2026-09-03 00:53:27,892 benchmark.py:756 OCaml binary /home/udesou/.bench-agent/git/macro-benches/benchmarks/sedlex/sedlex_tokenize_default-ocaml-5.5.0-f523850-fp-flambda already exists; skipping build. Set `always_build: true` to rebuild.
[WARNING] 2026-09-03 00:53:27,892 benchmark.py:756 OCaml binary /home/udesou/.bench-agent/git/macro-benches/benchmarks/sedlex/sedlex_tokenize_large-ocaml-5.5.0-f523850 already exists; skipping build. Set `always_build: true` to rebuild.
[WARNING] 2026-09-03 00:53:27,892 benchmark.py:756 OCaml binary /home/udesou/.bench-agent/git/macro-benches/benchmarks/sedlex/sedlex_tokenize_large-ocaml-5.5.0-f523850-fp already exists; skipping build. Set `always_build: true` to rebuild.
[WARNING] 2026-09-03 00:53:27,892 benchmark.py:756 OCaml binary /home/udesou/.bench-agent/git/macro-benches/benchmarks/sedlex/sedlex_tokenize_large-ocaml-5.5.0-f523850-flambda already exists; skipping build. Set `always_build: true` to rebuild.
[WARNING] 2026-09-03 00:53:27,892 benchmark.py:756 OCaml binary /home/udesou/.bench-agent/git/macro-benches/benchmarks/sedlex/sedlex_tokenize_large-ocaml-5.5.0-f523850-fp-flambda already exists; skipping build. Set `always_build: true` to rebuild.
[WARNING] 2026-09-03 00:53:27,892 benchmark.py:756 OCaml binary /home/udesou/.bench-agent/git/macro-benches/benchmarks/yojson/ydump_repeat_default-ocaml-5.5.0-f523850 already exists; skipping build. Set `always_build: true` to rebuild.
[WARNING] 2026-09-03 00:53:27,893 benchmark.py:756 OCaml binary /home/udesou/.bench-agent/git/macro-benches/benchmarks/yojson/ydump_repeat_default-ocaml-5.5.0-f523850-fp already exists; skipping build. Set `always_build: true` to rebuild.
[WARNING] 2026-09-03 00:53:27,893 benchmark.py:756 OCaml binary /home/udesou/.bench-agent/git/macro-benches/benchmarks/yojson/ydump_repeat_default-ocaml-5.5.0-f523850-flambda already exists; skipping build. Set `always_build: true` to rebuild.
[WARNING] 2026-09-03 00:53:27,893 benchmark.py:756 OCaml binary /home/udesou/.bench-agent/git/macro-benches/benchmarks/yojson/ydump_repeat_default-ocaml-5.5.0-f523850-fp-flambda already exists; skipping build. Set `always_build: true` to rebuild.
[WARNING] 2026-09-03 00:53:27,893 benchmark.py:756 OCaml binary /home/udesou/.bench-agent/git/macro-benches/benchmarks/yojson/ydump_repeat_large-ocaml-5.5.0-f523850 already exists; skipping build. Set `always_build: true` to rebuild.
[WARNING] 2026-09-03 00:53:27,893 benchmark.py:756 OCaml binary /home/udesou/.bench-agent/git/macro-benches/benchmarks/yojson/ydump_repeat_large-ocaml-5.5.0-f523850-fp already exists; skipping build. Set `always_build: true` to rebuild.
[WARNING] 2026-09-03 00:53:27,894 benchmark.py:756 OCaml binary /home/udesou/.bench-agent/git/macro-benches/benchmarks/yojson/ydump_repeat_large-ocaml-5.5.0-f523850-flambda already exists; skipping build. Set `always_build: true` to rebuild.
[WARNING] 2026-09-03 00:53:27,894 benchmark.py:756 OCaml binary /home/udesou/.bench-agent/git/macro-benches/benchmarks/yojson/ydump_repeat_large-ocaml-5.5.0-f523850-fp-flambda already exists; skipping build. Set `always_build: true` to rebuild.
[WARNING] 2026-09-03 00:53:27,894 benchmark.py:756 OCaml binary /home/udesou/.bench-agent/git/macro-benches/benchmarks/zarith/zarith_pi_default-ocaml-5.5.0-f523850 already exists; skipping build. Set `always_build: true` to rebuild.
[WARNING] 2026-09-03 00:53:27,894 benchmark.py:756 OCaml binary /home/udesou/.bench-agent/git/macro-benches/benchmarks/zarith/zarith_pi_default-ocaml-5.5.0-f523850-fp already exists; skipping build. Set `always_build: true` to rebuild.
[WARNING] 2026-09-03 00:53:27,894 benchmark.py:756 OCaml binary /home/udesou/.bench-agent/git/macro-benches/benchmarks/zarith/zarith_pi_default-ocaml-5.5.0-f523850-flambda already exists; skipping build. Set `always_build: true` to rebuild.
[WARNING] 2026-09-03 00:53:27,895 benchmark.py:756 OCaml binary /home/udesou/.bench-agent/git/macro-benches/benchmarks/zarith/zarith_pi_default-ocaml-5.5.0-f523850-fp-flambda already exists; skipping build. Set `always_build: true` to rebuild.
[WARNING] 2026-09-03 00:53:27,895 benchmark.py:756 OCaml binary /home/udesou/.bench-agent/git/macro-benches/benchmarks/zarith/zarith_pi_large-ocaml-5.5.0-f523850 already exists; skipping build. Set `always_build: true` to rebuild.
[WARNING] 2026-09-03 00:53:27,895 benchmark.py:756 OCaml binary /home/udesou/.bench-agent/git/macro-benches/benchmarks/zarith/zarith_pi_large-ocaml-5.5.0-f523850-fp already exists; skipping build. Set `always_build: true` to rebuild.
[WARNING] 2026-09-03 00:53:27,895 benchmark.py:756 OCaml binary /home/udesou/.bench-agent/git/macro-benches/benchmarks/zarith/zarith_pi_large-ocaml-5.5.0-f523850-flambda already exists; skipping build. Set `always_build: true` to rebuild.
[WARNING] 2026-09-03 00:53:27,895 benchmark.py:756 OCaml binary /home/udesou/.bench-agent/git/macro-benches/benchmarks/zarith/zarith_pi_large-ocaml-5.5.0-f523850-fp-flambda already exists; skipping build. Set `always_build: true` to rebuild.
[WARNING] 2026-09-03 00:53:27,895 benchmark.py:756 OCaml binary /home/udesou/.bench-agent/git/macro-benches/benchmarks/owl/owl_gc_default-ocaml-5.5.0-f523850 already exists; skipping build. Set `always_build: true` to rebuild.
[WARNING] 2026-09-03 00:53:27,896 benchmark.py:756 OCaml binary /home/udesou/.bench-agent/git/macro-benches/benchmarks/owl/owl_gc_default-ocaml-5.5.0-f523850-fp already exists; skipping build. Set `always_build: true` to rebuild.
[WARNING] 2026-09-03 00:53:27,896 benchmark.py:756 OCaml binary /home/udesou/.bench-agent/git/macro-benches/benchmarks/owl/owl_gc_default-ocaml-5.5.0-f523850-flambda already exists; skipping build. Set `always_build: true` to rebuild.
[WARNING] 2026-09-03 00:53:27,896 benchmark.py:756 OCaml binary /home/udesou/.bench-agent/git/macro-benches/benchmarks/owl/owl_gc_default-ocaml-5.5.0-f523850-fp-flambda already exists; skipping build. Set `always_build: true` to rebuild.
[WARNING] 2026-09-03 00:53:27,896 benchmark.py:756 OCaml binary /home/udesou/.bench-agent/git/macro-benches/benchmarks/owl/owl_gc_large-ocaml-5.5.0-f523850 already exists; skipping build. Set `always_build: true` to rebuild.
[WARNING] 2026-09-03 00:53:27,896 benchmark.py:756 OCaml binary /home/udesou/.bench-agent/git/macro-benches/benchmarks/owl/owl_gc_large-ocaml-5.5.0-f523850-fp already exists; skipping build. Set `always_build: true` to rebuild.
[WARNING] 2026-09-03 00:53:27,897 benchmark.py:756 OCaml binary /home/udesou/.bench-agent/git/macro-benches/benchmarks/owl/owl_gc_large-ocaml-5.5.0-f523850-flambda already exists; skipping build. Set `always_build: true` to rebuild.
[WARNING] 2026-09-03 00:53:27,897 benchmark.py:756 OCaml binary /home/udesou/.bench-agent/git/macro-benches/benchmarks/owl/owl_gc_large-ocaml-5.5.0-f523850-fp-flambda already exists; skipping build. Set `always_build: true` to rebuild.
[WARNING] 2026-09-03 00:53:27,897 benchmark.py:756 OCaml binary /home/udesou/.bench-agent/git/macro-benches/benchmarks/ocamlc-compile-uucp/ocamlc_compile_uucp_default-ocaml-5.5.0-f523850 already exists; skipping build. Set `always_build: true` to rebuild.
[WARNING] 2026-09-03 00:53:27,897 benchmark.py:756 OCaml binary /home/udesou/.bench-agent/git/macro-benches/benchmarks/ocamlc-compile-uucp/ocamlc_compile_uucp_default-ocaml-5.5.0-f523850-fp already exists; skipping build. Set `always_build: true` to rebuild.
[WARNING] 2026-09-03 00:53:27,897 benchmark.py:756 OCaml binary /home/udesou/.bench-agent/git/macro-benches/benchmarks/ocamlc-compile-uucp/ocamlc_compile_uucp_default-ocaml-5.5.0-f523850-flambda already exists; skipping build. Set `always_build: true` to rebuild.
[WARNING] 2026-09-03 00:53:27,897 benchmark.py:756 OCaml binary /home/udesou/.bench-agent/git/macro-benches/benchmarks/ocamlc-compile-uucp/ocamlc_compile_uucp_default-ocaml-5.5.0-f523850-fp-flambda already exists; skipping build. Set `always_build: true` to rebuild.
[WARNING] 2026-09-03 00:53:27,898 benchmark.py:756 OCaml binary /home/udesou/.bench-agent/git/macro-benches/benchmarks/ocamlc-compile-uucp/ocamlc_compile_uucp_large-ocaml-5.5.0-f523850 already exists; skipping build. Set `always_build: true` to rebuild.
[WARNING] 2026-09-03 00:53:27,898 benchmark.py:756 OCaml binary /home/udesou/.bench-agent/git/macro-benches/benchmarks/ocamlc-compile-uucp/ocamlc_compile_uucp_large-ocaml-5.5.0-f523850-fp already exists; skipping build. Set `always_build: true` to rebuild.
[WARNING] 2026-09-03 00:53:27,898 benchmark.py:756 OCaml binary /home/udesou/.bench-agent/git/macro-benches/benchmarks/ocamlc-compile-uucp/ocamlc_compile_uucp_large-ocaml-5.5.0-f523850-flambda already exists; skipping build. Set `always_build: true` to rebuild.
[WARNING] 2026-09-03 00:53:27,898 benchmark.py:756 OCaml binary /home/udesou/.bench-agent/git/macro-benches/benchmarks/ocamlc-compile-uucp/ocamlc_compile_uucp_large-ocaml-5.5.0-f523850-fp-flambda already exists; skipping build. Set `always_build: true` to rebuild.
[WARNING] 2026-09-03 00:53:27,898 benchmark.py:756 OCaml binary /home/udesou/.bench-agent/git/macro-benches/benchmarks/liquidsoap-lang/liq_parse_typecheck_default-ocaml-5.5.0-f523850 already exists; skipping build. Set `always_build: true` to rebuild.
[WARNING] 2026-09-03 00:53:27,899 benchmark.py:756 OCaml binary /home/udesou/.bench-agent/git/macro-benches/benchmarks/liquidsoap-lang/liq_parse_typecheck_default-ocaml-5.5.0-f523850-fp already exists; skipping build. Set `always_build: true` to rebuild.
[WARNING] 2026-09-03 00:53:27,899 benchmark.py:756 OCaml binary /home/udesou/.bench-agent/git/macro-benches/benchmarks/liquidsoap-lang/liq_parse_typecheck_default-ocaml-5.5.0-f523850-flambda already exists; skipping build. Set `always_build: true` to rebuild.
[WARNING] 2026-09-03 00:53:27,899 benchmark.py:756 OCaml binary /home/udesou/.bench-agent/git/macro-benches/benchmarks/liquidsoap-lang/liq_parse_typecheck_default-ocaml-5.5.0-f523850-fp-flambda already exists; skipping build. Set `always_build: true` to rebuild.
[WARNING] 2026-09-03 00:53:27,899 benchmark.py:756 OCaml binary /home/udesou/.bench-agent/git/macro-benches/benchmarks/liquidsoap-lang/liq_parse_typecheck_large-ocaml-5.5.0-f523850 already exists; skipping build. Set `always_build: true` to rebuild.
[WARNING] 2026-09-03 00:53:27,899 benchmark.py:756 OCaml binary /home/udesou/.bench-agent/git/macro-benches/benchmarks/liquidsoap-lang/liq_parse_typecheck_large-ocaml-5.5.0-f523850-fp already exists; skipping build. Set `always_build: true` to rebuild.
[WARNING] 2026-09-03 00:53:27,899 benchmark.py:756 OCaml binary /home/udesou/.bench-agent/git/macro-benches/benchmarks/liquidsoap-lang/liq_parse_typecheck_large-ocaml-5.5.0-f523850-flambda already exists; skipping build. Set `always_build: true` to rebuild.
[WARNING] 2026-09-03 00:53:27,900 benchmark.py:756 OCaml binary /home/udesou/.bench-agent/git/macro-benches/benchmarks/liquidsoap-lang/liq_parse_typecheck_large-ocaml-5.5.0-f523850-fp-flambda already exists; skipping build. Set `always_build: true` to rebuild.
[WARNING] 2026-09-03 00:53:27,900 benchmark.py:756 OCaml binary /home/udesou/.bench-agent/git/macro-benches/benchmarks/js_of_ocaml/jsoo_default-ocaml-5.5.0-f523850 already exists; skipping build. Set `always_build: true` to rebuild.
[WARNING] 2026-09-03 00:53:27,900 benchmark.py:756 OCaml binary /home/udesou/.bench-agent/git/macro-benches/benchmarks/js_of_ocaml/jsoo_default-ocaml-5.5.0-f523850-fp already exists; skipping build. Set `always_build: true` to rebuild.
[WARNING] 2026-09-03 00:53:27,900 benchmark.py:756 OCaml binary /home/udesou/.bench-agent/git/macro-benches/benchmarks/js_of_ocaml/jsoo_default-ocaml-5.5.0-f523850-flambda already exists; skipping build. Set `always_build: true` to rebuild.
[WARNING] 2026-09-03 00:53:27,900 benchmark.py:756 OCaml binary /home/udesou/.bench-agent/git/macro-benches/benchmarks/js_of_ocaml/jsoo_default-ocaml-5.5.0-f523850-fp-flambda already exists; skipping build. Set `always_build: true` to rebuild.
[WARNING] 2026-09-03 00:53:27,901 benchmark.py:756 OCaml binary /home/udesou/.bench-agent/git/macro-benches/benchmarks/js_of_ocaml/jsoo_large-ocaml-5.5.0-f523850 already exists; skipping build. Set `always_build: true` to rebuild.
[WARNING] 2026-09-03 00:53:27,901 benchmark.py:756 OCaml binary /home/udesou/.bench-agent/git/macro-benches/benchmarks/js_of_ocaml/jsoo_large-ocaml-5.5.0-f523850-fp already exists; skipping build. Set `always_build: true` to rebuild.
[WARNING] 2026-09-03 00:53:27,901 benchmark.py:756 OCaml binary /home/udesou/.bench-agent/git/macro-benches/benchmarks/js_of_ocaml/jsoo_large-ocaml-5.5.0-f523850-flambda already exists; skipping build. Set `always_build: true` to rebuild.
[WARNING] 2026-09-03 00:53:27,901 benchmark.py:756 OCaml binary /home/udesou/.bench-agent/git/macro-benches/benchmarks/js_of_ocaml/jsoo_large-ocaml-5.5.0-f523850-fp-flambda already exists; skipping build. Set `always_build: true` to rebuild.
[WARNING] 2026-09-03 00:53:27,901 benchmark.py:756 OCaml binary /home/udesou/.bench-agent/git/macro-benches/benchmarks/liq-video-frames/liq_video_frames_pool_default-ocaml-5.5.0-f523850 already exists; skipping build. Set `always_build: true` to rebuild.
[WARNING] 2026-09-03 00:53:27,902 benchmark.py:756 OCaml binary /home/udesou/.bench-agent/git/macro-benches/benchmarks/liq-video-frames/liq_video_frames_pool_default-ocaml-5.5.0-f523850-fp already exists; skipping build. Set `always_build: true` to rebuild.
[WARNING] 2026-09-03 00:53:27,902 benchmark.py:756 OCaml binary /home/udesou/.bench-agent/git/macro-benches/benchmarks/liq-video-frames/liq_video_frames_pool_default-ocaml-5.5.0-f523850-flambda already exists; skipping build. Set `always_build: true` to rebuild.
[WARNING] 2026-09-03 00:53:27,902 benchmark.py:756 OCaml binary /home/udesou/.bench-agent/git/macro-benches/benchmarks/liq-video-frames/liq_video_frames_pool_default-ocaml-5.5.0-f523850-fp-flambda already exists; skipping build. Set `always_build: true` to rebuild.
[WARNING] 2026-09-03 00:53:27,902 benchmark.py:756 OCaml binary /home/udesou/.bench-agent/git/macro-benches/benchmarks/liq-video-frames/liq_video_frames_pool_large-ocaml-5.5.0-f523850 already exists; skipping build. Set `always_build: true` to rebuild.
[WARNING] 2026-09-03 00:53:27,902 benchmark.py:756 OCaml binary /home/udesou/.bench-agent/git/macro-benches/benchmarks/liq-video-frames/liq_video_frames_pool_large-ocaml-5.5.0-f523850-fp already exists; skipping build. Set `always_build: true` to rebuild.
[WARNING] 2026-09-03 00:53:27,902 benchmark.py:756 OCaml binary /home/udesou/.bench-agent/git/macro-benches/benchmarks/liq-video-frames/liq_video_frames_pool_large-ocaml-5.5.0-f523850-flambda already exists; skipping build. Set `always_build: true` to rebuild.
[WARNING] 2026-09-03 00:53:27,903 benchmark.py:756 OCaml binary /home/udesou/.bench-agent/git/macro-benches/benchmarks/liq-video-frames/liq_video_frames_pool_large-ocaml-5.5.0-f523850-fp-flambda already exists; skipping build. Set `always_build: true` to rebuild.
[WARNING] 2026-09-03 00:53:27,903 benchmark.py:756 OCaml binary /home/udesou/.bench-agent/git/macro-benches/benchmarks/pplacer/pplacer_like_default-ocaml-5.5.0-f523850 already exists; skipping build. Set `always_build: true` to rebuild.
[WARNING] 2026-09-03 00:53:27,903 benchmark.py:756 OCaml binary /home/udesou/.bench-agent/git/macro-benches/benchmarks/pplacer/pplacer_like_default-ocaml-5.5.0-f523850-fp already exists; skipping build. Set `always_build: true` to rebuild.
[WARNING] 2026-09-03 00:53:27,903 benchmark.py:756 OCaml binary /home/udesou/.bench-agent/git/macro-benches/benchmarks/pplacer/pplacer_like_default-ocaml-5.5.0-f523850-flambda already exists; skipping build. Set `always_build: true` to rebuild.
[WARNING] 2026-09-03 00:53:27,903 benchmark.py:756 OCaml binary /home/udesou/.bench-agent/git/macro-benches/benchmarks/pplacer/pplacer_like_default-ocaml-5.5.0-f523850-fp-flambda already exists; skipping build. Set `always_build: true` to rebuild.
[WARNING] 2026-09-03 00:53:27,904 benchmark.py:756 OCaml binary /home/udesou/.bench-agent/git/macro-benches/benchmarks/pplacer/pplacer_like_large-ocaml-5.5.0-f523850 already exists; skipping build. Set `always_build: true` to rebuild.
[WARNING] 2026-09-03 00:53:27,904 benchmark.py:756 OCaml binary /home/udesou/.bench-agent/git/macro-benches/benchmarks/pplacer/pplacer_like_large-ocaml-5.5.0-f523850-fp already exists; skipping build. Set `always_build: true` to rebuild.
[WARNING] 2026-09-03 00:53:27,904 benchmark.py:756 OCaml binary /home/udesou/.bench-agent/git/macro-benches/benchmarks/pplacer/pplacer_like_large-ocaml-5.5.0-f523850-flambda already exists; skipping build. Set `always_build: true` to rebuild.
[WARNING] 2026-09-03 00:53:27,904 benchmark.py:756 OCaml binary /home/udesou/.bench-agent/git/macro-benches/benchmarks/pplacer/pplacer_like_large-ocaml-5.5.0-f523850-fp-flambda already exists; skipping build. Set `always_build: true` to rebuild.
Run id: obelisk-2026-09-03-Thu-005327

--- Build failures (8) ---
  SKIP macro-infer-monorepo/infer_default [ocaml-5.5.0-f523850]
  SKIP macro-infer-monorepo/infer_default [ocaml-5.5.0-f523850-flambda]
  SKIP macro-infer-monorepo/infer_default [ocaml-5.5.0-f523850-fp]
  SKIP macro-infer-monorepo/infer_default [ocaml-5.5.0-f523850-fp-flambda]
  SKIP macro-infer-monorepo/infer_large [ocaml-5.5.0-f523850]
  SKIP macro-infer-monorepo/infer_large [ocaml-5.5.0-f523850-flambda]
  SKIP macro-infer-monorepo/infer_large [ocaml-5.5.0-f523850-fp]
  SKIP macro-infer-monorepo/infer_large [ocaml-5.5.0-f523850-fp-flambda]
---
Continuing with remaining benchmarks.

menhir_ocamly 0abcd1abcd2abcd3abcd4abcd
menhir_sysver_canonical 0a