
-----
mkdir -p PLOTTY_WORKAROUND; timedrun;  /home/udesou/.bench-agent/git/macro-benches/benchmarks/irmin/irmin_mem_rw-ocaml-5.4.1-152d7ca 3000 10000 80 20000
running-ng v0.3.8
Sat Aug 29 01:46:36 UTC 2026

 01:46:36 up 8 days, 20:21,  4 users,  load average: 1.53, 0.54, 0.26
USER     TTY      FROM             LOGIN@   IDLE   JCPU   PCPU  WHAT
udesou            10.0.10.5        01:32           0.00s   ?    sshd-session: udesou [priv]

procs -----------memory---------- ---swap-- -----io---- -system-- -------cpu-------
 r  b   swpd   free   buff  cache   si   so    bi    bo   in   cs us sy id wa st gu
 1  1      0 8898800 1846660 46436924    0    0    35    67  640    0  0  0 99  1  0  0
 1  1      0 8927172 1846660 46437644    0    0     0     0 2667 2554  0  0 97  3  0  0

top - 01:46:37 up 8 days, 20:21,  4 users,  load average: 1.53, 0.54, 0.26
Tasks: 464 total,   1 running, 463 sleeping,   0 stopped,   0 zombie
%Cpu(s):  0.3 us,  0.3 sy,  0.0 ni, 96.2 id,  3.3 wa,  0.0 hi,  0.0 si,  0.0 st 
MiB Mem :  60802.6 total,   8719.3 free,   6657.7 used,  47152.6 buff/cache     
MiB Swap:   8192.0 total,   8192.0 free,      0.0 used.  54144.9 avail Mem 

    PID USER      PR  NI    VIRT    RES    SHR S  %CPU  %MEM     TIME+ COMMAND
      1 root      20   0   25588  15992  10632 S   0.0   0.0   0:53.72 /sbin/init
      2 root      20   0       0      0      0 S   0.0   0.0   0:00.16 [kthreadd]
      3 root      20   0       0      0      0 S   0.0   0.0   0:00.00 [pool_workqueue_release]
      4 root       0 -20       0      0      0 I   0.0   0.0   0:00.00 [kworker/R-rcu_gp]
      5 root       0 -20       0      0      0 I   0.0   0.0   0:00.00 [kworker/R-sync_wq]

Environment variables: 
	(redacted)
OS: Linux monolith 6.17.0-41-generic #41-Ubuntu SMP PREEMPT_DYNAMIC Sat Jun 20 18:01:40 UTC 2026 x86_64 GNU/Linux
CPU: model name	: AMD Ryzen 9 9950X 16-Core Processor
number of cores: 32
Frequency of cpu 0: 3.53 GHz
Governor of cpu 0: powersave
Scaling_min_freq of cpu 0: 2.98 GHz
Frequency of cpu 1: 3.55 GHz
Governor of cpu 1: powersave
Scaling_min_freq of cpu 1: 2.98 GHz
Frequency of cpu 2: 2.98 GHz
Governor of cpu 2: powersave
Scaling_min_freq of cpu 2: 2.98 GHz
Frequency of cpu 3: 4.41 GHz
Governor of cpu 3: powersave
Scaling_min_freq of cpu 3: 2.98 GHz
Frequency of cpu 4: 4.41 GHz
Governor of cpu 4: powersave
Scaling_min_freq of cpu 4: 2.98 GHz
Frequency of cpu 5: 4.42 GHz
Governor of cpu 5: powersave
Scaling_min_freq of cpu 5: 2.98 GHz
Frequency of cpu 6: 2.63 GHz
Governor of cpu 6: powersave
Scaling_min_freq of cpu 6: 2.98 GHz
Frequency of cpu 7: 2.98 GHz
Governor of cpu 7: powersave
Scaling_min_freq of cpu 7: 2.98 GHz
Frequency of cpu 8: 2.98 GHz
Governor of cpu 8: powersave
Scaling_min_freq of cpu 8: 2.98 GHz
Frequency of cpu 9: 4.36 GHz
Governor of cpu 9: powersave
Scaling_min_freq of cpu 9: 2.98 GHz
Frequency of cpu 10: 2.98 GHz
Governor of cpu 10: powersave
Scaling_min_freq of cpu 10: 2.98 GHz
Frequency of cpu 11: 4.36 GHz
Governor of cpu 11: powersave
Scaling_min_freq of cpu 11: 2.98 GHz
Frequency of cpu 12: 4.36 GHz
Governor of cpu 12: powersave
Scaling_min_freq of cpu 12: 2.98 GHz
Frequency of cpu 13: 4.38 GHz
Governor of cpu 13: powersave
Scaling_min_freq of cpu 13: 2.98 GHz
Frequency of cpu 14: 4.38 GHz
Governor of cpu 14: powersave
Scaling_min_freq of cpu 14: 2.98 GHz
Frequency of cpu 15: 4.37 GHz
Governor of cpu 15: powersave
Scaling_min_freq of cpu 15: 2.98 GHz
Frequency of cpu 16: 2.98 GHz
Governor of cpu 16: powersave
Scaling_min_freq of cpu 16: 2.98 GHz
Frequency of cpu 17: 2.98 GHz
Governor of cpu 17: powersave
Scaling_min_freq of cpu 17: 2.98 GHz
Frequency of cpu 18: 2.98 GHz
Governor of cpu 18: powersave
Scaling_min_freq of cpu 18: 2.98 GHz
Frequency of cpu 19: 2.98 GHz
Governor of cpu 19: powersave
Scaling_min_freq of cpu 19: 2.98 GHz
Frequency of cpu 20: 2.98 GHz
Governor of cpu 20: powersave
Scaling_min_freq of cpu 20: 2.98 GHz
Frequency of cpu 21: 2.98 GHz
Governor of cpu 21: powersave
Scaling_min_freq of cpu 21: 2.98 GHz
Frequency of cpu 22: 4.42 GHz
Governor of cpu 22: powersave
Scaling_min_freq of cpu 22: 2.98 GHz
Frequency of cpu 23: 2.98 GHz
Governor of cpu 23: powersave
Scaling_min_freq of cpu 23: 2.98 GHz
Frequency of cpu 24: 2.19 GHz
Governor of cpu 24: powersave
Scaling_min_freq of cpu 24: 2.98 GHz
Frequency of cpu 25: 2.98 GHz
Governor of cpu 25: powersave
Scaling_min_freq of cpu 25: 2.98 GHz
Frequency of cpu 26: 2.98 GHz
Governor of cpu 26: powersave
Scaling_min_freq of cpu 26: 2.98 GHz
Frequency of cpu 27: 2.92 GHz
Governor of cpu 27: powersave
Scaling_min_freq of cpu 27: 2.98 GHz
Frequency of cpu 28: 2.98 GHz
Governor of cpu 28: powersave
Scaling_min_freq of cpu 28: 2.98 GHz
Frequency of cpu 29: 2.98 GHz
Governor of cpu 29: powersave
Scaling_min_freq of cpu 29: 2.98 GHz
Frequency of cpu 30: 2.98 GHz
Governor of cpu 30: powersave
Scaling_min_freq of cpu 30: 2.98 GHz
Frequency of cpu 31: 2.98 GHz
Governor of cpu 31: powersave
Scaling_min_freq of cpu 31: 2.98 GHz
*****
{
  "olly": {
    "version": 2,
    "wall_time": 3.91,
    "cpu_time": 3.91,
    "gc_time": 0.39,
    "gc_overhead": 10.1,
    "max_rss_kb": 45904,
    "domain_stats": {
      "0": {
        "wall_time": 3.91,
        "gc_time": 0.39,
        "gc_overhead": 10.1
      }
    },
    "mean_latency": 0.027267,
    "stddev_latency": 0.030327,
    "min_latency": 0.0,
    "max_latency": 0.400639,
    "distr_latency": {
      "25.0000": 0.008071,
      "50.0000": 0.018367,
      "60.0000": 0.024223,
      "70.0000": 0.031103,
      "75.0000": 0.035615,
      "80.0000": 0.040703,
      "85.0000": 0.046207,
      "90.0000": 0.052415,
      "95.0000": 0.089983,
      "96.0000": 0.104767,
      "97.0000": 0.120895,
      "98.0000": 0.137087,
      "99.0000": 0.156927,
      "99.9000": 0.194175,
      "99.9900": 0.335615,
      "99.9990": 0.400639,
      "99.9999": 0.400639,
      "100.0000": 0.400639
    },
    "outliers": {
      "count": 0,
      "mean_latency": 0.0,
      "max_latency": 0.0
    },
    "allocations": {
      "total_heap": 1898299105,
      "minor_heap": 1898296989,
      "major_heap": 83427603,
      "promoted_words": 83425487,
      "promoted_pct": 4.39
    },
    "domain_alloc_stats": {
      "0": {
        "total": 1898299105,
        "minor": 1898296989,
        "promoted": 83425487,
        "major": 83427603,
        "promoted_pct": 4.39
      }
    },
    "collections": {
      "minor": 7293,
      "major": 103,
      "forced_major": 0,
      "compactions": 0
    },
    "stats_reliable": true
  },
  "perf": [
    {
      "counter-value": "3891483053.000000",
      "unit": "",
      "event": "task-clock",
      "event-runtime": 3891483053,
      "pcnt-running": 100.0,
      "metric-value": "0.971871",
      "metric-unit": "CPUs utilized"
    },
    {
      "counter-value": "8569.000000",
      "unit": "",
      "event": "page-faults",
      "event-runtime": 3891478803,
      "pcnt-running": 100.0,
      "metric-value": "2.201988",
      "metric-unit": "K/sec"
    },
    {
      "counter-value": "21831817758.000000",
      "unit": "",
      "event": "cycles",
      "event-runtime": 3891476053,
      "pcnt-running": 100.0,
      "metric-value": "5.610154",
      "metric-unit": "GHz"
    },
    {
      "counter-value": "78233769293.000000",
      "unit": "",
      "event": "instructions",
      "event-runtime": 3891470553,
      "pcnt-running": 100.0,
      "metric-value": "3.583475",
      "metric-unit": "insn per cycle"
    }
  ]
}